Archive member included to satisfy reference by file (symbol)

C:/Capstone/target_support_packages/tsp_stm32/gcc/g4/../pil\libpil.a(pil.o)
                              ./output_STM32G474RE/dispatcher_stm32g4xx.o (PIL_SCOPE_sample)
C:/Capstone/target_support_packages/tsp_stm32/gcc/g4/../pil\libpil.a(probes.o)
                              C:/Capstone/target_support_packages/tsp_stm32/gcc/g4/../pil\libpil.a(pil.o) (PIL_PROBES_init)
C:/Capstone/target_support_packages/tsp_stm32/gcc/g4/../pil\libpil.a(remoteagent.o)
                              C:/Capstone/target_support_packages/tsp_stm32/gcc/g4/../pil\libpil.a(pil.o) (PIL_RA_init)
C:/Capstone/target_support_packages/tsp_stm32/gcc/g4/../pil\libpil.a(scope.o)
                              C:/Capstone/target_support_packages/tsp_stm32/gcc/g4/../pil\libpil.a(pil.o) (PIL_SCOPE_init)
C:/Capstone/target_support_packages/tsp_stm32/gcc/g4/../pil\libpil.a(seriallink.o)
                              C:/Capstone/target_support_packages/tsp_stm32/gcc/g4/../pil\libpil.a(remoteagent.o) (PIL_SLINK_init)
C:/Capstone/target_support_packages/tsp_stm32/gcc/g4/../pil\libpil.a(pil_dis_int.o)
                              C:/Capstone/target_support_packages/tsp_stm32/gcc/g4/../pil\libpil.a(pil.o) (PIL_DisableInt)
C:/Capstone/target_support_packages/tsp_stm32/gcc/g4/../pil\libpil.a(basicservices.o)
                              C:/Capstone/target_support_packages/tsp_stm32/gcc/g4/../pil\libpil.a(pil.o) (PIL_BSRVS_init)
C:/Capstone/target_support_packages/tsp_stm32/gcc/g4/../pil\libpil.a(parallelbridge.o)
                              C:/Capstone/target_support_packages/tsp_stm32/gcc/g4/../pil\libpil.a(pil.o) (PIL_PBRIDGE_init)
C:/Capstone/target_support_packages/tsp_stm32/gcc/g4/../pil\libpil.a(ringbuf.o)
                              C:/Capstone/target_support_packages/tsp_stm32/gcc/g4/../pil\libpil.a(seriallink.o) (PIL_RBUF_reset)
c:/capstone/target_support_packages/tsp_stm32/bin/gcc-arm-none-eabi/bin/../lib/gcc/arm-none-eabi/8.2.1/thumb/v7e-m+fp/softfp\libgcc.a(_arm_addsubdf3.o)
                              ./output_STM32G474RE/dac_stm32g4xx.o (__aeabi_f2d)
c:/capstone/target_support_packages/tsp_stm32/bin/gcc-arm-none-eabi/bin/../lib/gcc/arm-none-eabi/8.2.1/thumb/v7e-m+fp/softfp\libgcc.a(_arm_muldivdf3.o)
                              ./output_STM32G474RE/dac_stm32g4xx.o (__aeabi_dmul)
c:/capstone/target_support_packages/tsp_stm32/bin/gcc-arm-none-eabi/bin/../lib/gcc/arm-none-eabi/8.2.1/thumb/v7e-m+fp/softfp\libgcc.a(_arm_cmpdf2.o)
                              C:/Capstone/target_support_packages/tsp_stm32/gcc/g4/../pil\libpil.a(scope.o) (__aeabi_dcmpeq)
c:/capstone/target_support_packages/tsp_stm32/bin/gcc-arm-none-eabi/bin/../lib/gcc/arm-none-eabi/8.2.1/thumb/v7e-m+fp/softfp\libgcc.a(_arm_truncdfsf2.o)
                              ./output_STM32G474RE/dac_stm32g4xx.o (__aeabi_d2f)
c:/capstone/target_support_packages/tsp_stm32/bin/gcc-arm-none-eabi/bin/../lib/gcc/arm-none-eabi/8.2.1/thumb/v7e-m+fp/softfp\libgcc.a(_aeabi_ldivmod.o)
                              ./output_STM32G474RE/stm32g4xx_hal_uart.o (__aeabi_ldivmod)
c:/capstone/target_support_packages/tsp_stm32/bin/gcc-arm-none-eabi/bin/../lib/gcc/arm-none-eabi/8.2.1/thumb/v7e-m+fp/softfp\libgcc.a(_aeabi_uldivmod.o)
                              ./output_STM32G474RE/stm32g4xx_hal_uart.o (__aeabi_uldivmod)
c:/capstone/target_support_packages/tsp_stm32/bin/gcc-arm-none-eabi/bin/../lib/gcc/arm-none-eabi/8.2.1/thumb/v7e-m+fp/softfp\libgcc.a(_udivmoddi4.o)
                              c:/capstone/target_support_packages/tsp_stm32/bin/gcc-arm-none-eabi/bin/../lib/gcc/arm-none-eabi/8.2.1/thumb/v7e-m+fp/softfp\libgcc.a(_aeabi_ldivmod.o) (__udivmoddi4)
c:/capstone/target_support_packages/tsp_stm32/bin/gcc-arm-none-eabi/bin/../lib/gcc/arm-none-eabi/8.2.1/thumb/v7e-m+fp/softfp\libgcc.a(_dvmd_tls.o)
                              c:/capstone/target_support_packages/tsp_stm32/bin/gcc-arm-none-eabi/bin/../lib/gcc/arm-none-eabi/8.2.1/thumb/v7e-m+fp/softfp\libgcc.a(_aeabi_ldivmod.o) (__aeabi_ldiv0)
c:/capstone/target_support_packages/tsp_stm32/bin/gcc-arm-none-eabi/bin/../lib/gcc/arm-none-eabi/8.2.1/../../../../arm-none-eabi/lib/thumb/v7e-m+fp/softfp\libg_nano.a(lib_a-errno.o)
                              ./output_STM32G474RE/syscalls.o (__errno)
c:/capstone/target_support_packages/tsp_stm32/bin/gcc-arm-none-eabi/bin/../lib/gcc/arm-none-eabi/8.2.1/../../../../arm-none-eabi/lib/thumb/v7e-m+fp/softfp\libg_nano.a(lib_a-exit.o)
                              c:/capstone/target_support_packages/tsp_stm32/bin/gcc-arm-none-eabi/bin/../lib/gcc/arm-none-eabi/8.2.1/../../../../arm-none-eabi/lib/thumb/v7e-m+fp/softfp/crt0.o (exit)
c:/capstone/target_support_packages/tsp_stm32/bin/gcc-arm-none-eabi/bin/../lib/gcc/arm-none-eabi/8.2.1/../../../../arm-none-eabi/lib/thumb/v7e-m+fp/softfp\libg_nano.a(lib_a-impure.o)
[...]
Memory Configuration

Name             Origin             Length             Attributes
CCMSRAM          0x0000000010000000 0x0000000000008000 xrw
RAM              0x0000000020000200 0x000000000001fe00 xrw
ROM              0x0000000008000000 0x0000000000080000 xr
*default*        0x0000000000000000 0xffffffffffffffff

Linker script and memory map

LOAD c:/capstone/target_support_packages/tsp_stm32/bin/gcc-arm-none-eabi/bin/../lib/gcc/arm-none-eabi/8.2.1/thumb/v7e-m+fp/softfp/crtfastmath.o
LOAD c:/capstone/target_support_packages/tsp_stm32/bin/gcc-arm-none-eabi/bin/../lib/gcc/arm-none-eabi/8.2.1/thumb/v7e-m+fp/softfp/crti.o
LOAD c:/capstone/target_support_packages/tsp_stm32/bin/gcc-arm-none-eabi/bin/../lib/gcc/arm-none-eabi/8.2.1/thumb/v7e-m+fp/softfp/crtbegin.o
LOAD c:/capstone/target_support_packages/tsp_stm32/bin/gcc-arm-none-eabi/bin/../lib/gcc/arm-none-eabi/8.2.1/../../../../arm-none-eabi/lib/thumb/v7e-m+fp/softfp/crt0.o
LOAD ./output_STM32G474RE/blinky_hal.o
LOAD ./output_STM32G474RE/blinky_main.o
LOAD ./output_STM32G474RE/syscalls.o
LOAD ./output_STM32G474RE/dispatcher_stm32g4xx.o
LOAD ./output_STM32G474RE/gpio_stm32g4xx.o
LOAD ./output_STM32G474RE/dio_stm32g4xx.o
LOAD ./output_STM32G474RE/adc_stm32g4xx.o
LOAD ./output_STM32G474RE/tim_stm32g4xx.o
LOAD ./output_STM32G474RE/trig_stm32g4xx.o
LOAD ./output_STM32G474RE/hrtim_stm32g4xx.o
LOAD ./output_STM32G474RE/dac_stm32g4xx.o
LOAD ./output_STM32G474RE/comp_stm32g4xx.o
LOAD ./output_STM32G474RE/opamp_stm32g4xx.o
LOAD ./output_STM32G474RE/hrtim_pcc_stm32g4xx.o
LOAD ./output_STM32G474RE/uart_stm32g4xx.o
LOAD ./output_STM32G474RE/canbus_stm32g4xx.o
LOAD ./output_STM32G474RE/spi_stm32g4xx.o
LOAD ./output_STM32G474RE/ctr_stm32g4xx.o
LOAD ./output_STM32G474RE/power.o
LOAD ./output_STM32G474RE/system_stm32g4xx.o
LOAD ./output_STM32G474RE/stm32g4xx_hal_cortex.o
LOAD ./output_STM32G474RE/stm32g4xx_hal_exti.o
LOAD ./output_STM32G474RE/stm32g4xx_hal_gpio.o
LOAD ./output_STM32G474RE/stm32g4xx_hal_pwr_ex.o
LOAD ./output_STM32G474RE/stm32g4xx_hal_pwr.o
LOAD ./output_STM32G474RE/stm32g4xx_hal_rcc.o
LOAD ./output_STM32G474RE/stm32g4xx_hal_rcc_ex.o
LOAD ./output_STM32G474RE/stm32g4xx_hal_tim_ex.o
LOAD ./output_STM32G474RE/stm32g4xx_hal_tim.o
LOAD ./output_STM32G474RE/stm32g4xx_hal_uart_ex.o
LOAD ./output_STM32G474RE/stm32g4xx_hal_uart.o
LOAD ./output_STM32G474RE/stm32g4xx_hal.o
LOAD ./output_STM32G474RE/stm32g4xx_hal_fdcan.o
LOAD ./output_STM32G474RE/stm32g4xx_ll_tim.o
LOAD ./output_STM32G474RE/stm32g4xx_ll_dac.o
LOAD ./output_STM32G474RE/stm32g4xx_ll_comp.o
LOAD ./output_STM32G474RE/stm32g4xx_ll_opamp.o
LOAD ./output_STM32G474RE/stm32g4xx_ll_adc.o
LOAD ./output_STM32G474RE/stm32g4xx_ll_gpio.o
LOAD ./output_STM32G474RE/stm32g4xx_ll_spi.o
LOAD ./output_STM32G474RE/blinky.o
LOAD ./output_STM32G474RE/startup_stm32g474retx.o
LOAD C:/Capstone/target_support_packages/tsp_stm32/gcc/g4/../pil\libpil.a
START GROUP
LOAD c:/capstone/target_support_packages/tsp_stm32/bin/gcc-arm-none-eabi/bin/../lib/gcc/arm-none-eabi/8.2.1/thumb/v7e-m+fp/softfp\libgcc.a
LOAD c:/capstone/target_support_packages/tsp_stm32/bin/gcc-arm-none-eabi/bin/../lib/gcc/arm-none-eabi/8.2.1/../../../../arm-none-eabi/lib/thumb/v7e-m+fp/softfp\libg_nano.a
LOAD c:/capstone/target_support_packages/tsp_stm32/bin/gcc-arm-none-eabi/bin/../lib/gcc/arm-none-eabi/8.2.1/../../../../arm-none-eabi/lib/thumb/v7e-m+fp/softfp\libc_nano.a
END GROUP
START GROUP
LOAD c:/capstone/target_support_packages/tsp_stm32/bin/gcc-arm-none-eabi/bin/../lib/gcc/arm-none-eabi/8.2.1/thumb/v7e-m+fp/softfp\libgcc.a
LOAD c:/capstone/target_support_packages/tsp_stm32/bin/gcc-arm-none-eabi/bin/../lib/gcc/arm-none-eabi/8.2.1/../../../../arm-none-eabi/lib/thumb/v7e-m+fp/softfp\libc_nano.a
END GROUP
LOAD c:/capstone/target_support_packages/tsp_stm32/bin/gcc-arm-none-eabi/bin/../lib/gcc/arm-none-eabi/8.2.1/thumb/v7e-m+fp/softfp/crtend.o
LOAD c:/capstone/target_support_packages/tsp_stm32/bin/gcc-arm-none-eabi/bin/../lib/gcc/arm-none-eabi/8.2.1/thumb/v7e-m+fp/softfp/crtn.o
                0x0000000020020000                _estack = (ORIGIN (RAM) + LENGTH (RAM))
                0x0000000000000200                _Min_Heap_Size = 0x200
                0x0000000000000400                _Min_Stack_Size = 0x400

.isr_vector     0x0000000008000000      0x1d8
                0x0000000008000000                . = ALIGN (0x4)
 *(.isr_vector)
 .isr_vector    0x0000000008000000      0x1d8 ./output_STM32G474RE/startup_stm32g474retx.o
                0x0000000008000000                g_pfnVectors
                0x00000000080001d8                . = ALIGN (0x4)

.text           0x00000000080001d8     0x4934
                0x00000000080001d8                . = ALIGN (0x4)
 *(.text)
 .text          0x00000000080001d8      0x110 c:/capstone/target_support_packages/tsp_stm32/bin/gcc-arm-none-eabi/bin/../lib/gcc/arm-none-eabi/8.2.1/thumb/v7e-m+fp/softfp\libgcc.a(_arm_cmpdf2.o)
                0x00000000080001d8                __gtdf2
                0x00000000080001d8                __gedf2
                0x00000000080001e0                __ltdf2
                0x00000000080001e0                __ledf2
                0x00000000080001e8                __nedf2
                0x00000000080001e8                __eqdf2
                0x00000000080001e8                __cmpdf2
                0x0000000008000264                __aeabi_cdrcmple
                0x0000000008000274                __aeabi_cdcmpeq
                0x0000000008000274                __aeabi_cdcmple
                0x0000000008000284                __aeabi_dcmpeq
                0x0000000008000298                __aeabi_dcmplt
                0x00000000080002ac                __aeabi_dcmple
                0x00000000080002c0                __aeabi_dcmpge
                0x00000000080002d4                __aeabi_dcmpgt
 .text          0x00000000080002e8       0x30 c:/capstone/target_support_packages/tsp_stm32/bin/gcc-arm-none-eabi/bin/../lib/gcc/arm-none-eabi/8.2.1/thumb/v7e-m+fp/softfp\libgcc.a(_aeabi_uldivmod.o)
                0x00000000080002e8                __aeabi_uldivmod
 .text          0x0000000008000318        0x4 c:/capstone/target_support_packages/tsp_stm32/bin/gcc-arm-none-eabi/bin/../lib/gcc/arm-none-eabi/8.2.1/thumb/v7e-m+fp/softfp\libgcc.a(_dvmd_tls.o)
                0x0000000008000318                __aeabi_idiv0
                0x0000000008000318                __aeabi_ldiv0
 *(.text*)
 .text.startup.__arm_set_fast_math
                0x000000000800031c       0x10 c:/capstone/target_support_packages/tsp_stm32/bin/gcc-arm-none-eabi/bin/../lib/gcc/arm-none-eabi/8.2.1/thumb/v7e-m+fp/softfp/crtfastmath.o
 .text.deregister_tm_clones
                0x000000000800032c       0x1c c:/capstone/target_support_packages/tsp_stm32/bin/gcc-arm-none-eabi/bin/../lib/gcc/arm-none-eabi/8.2.1/thumb/v7e-m+fp/softfp/crtbegin.o
 .text.register_tm_clones
                0x0000000008000348       0x24 c:/capstone/target_support_packages/tsp_stm32/bin/gcc-arm-none-eabi/bin/../lib/gcc/arm-none-eabi/8.2.1/thumb/v7e-m+fp/softfp/crtbegin.o
 .text.__do_global_dtors_aux
                0x000000000800036c       0x28 c:/capstone/target_support_packages/tsp_stm32/bin/gcc-arm-none-eabi/bin/../lib/gcc/arm-none-eabi/8.2.1/thumb/v7e-m+fp/softfp/crtbegin.o
 .text.frame_dummy
                0x0000000008000394       0x24 c:/capstone/target_support_packages/tsp_stm32/bin/gcc-arm-none-eabi/bin/../lib/gcc/arm-none-eabi/8.2.1/thumb/v7e-m+fp/softfp/crtbegin.o
 .text.blinky_syncTimers
                0x00000000080003b8       0x10 ./output_STM32G474RE/blinky_hal.o
                0x00000000080003b8                blinky_syncTimers
 .text.blinky_background
                0x00000000080003c8        0x4 ./output_STM32G474RE/blinky_hal.o
                0x00000000080003c8                blinky_background
 .text.blinky_enableTasksInterrupt
                0x00000000080003cc       0x18 ./output_STM32G474RE/blinky_hal.o
                0x00000000080003cc                blinky_enableTasksInterrupt
 .text.Tasks    0x00000000080003e4       0x18 ./output_STM32G474RE/blinky_hal.o
 .text.SciPoll  0x00000000080003fc       0x4c ./output_STM32G474RE/blinky_hal.o
 .text.PLXHAL_DIO_set
                0x0000000008000448       0x20 ./output_STM32G474RE/blinky_hal.o
                0x0000000008000448                PLXHAL_DIO_set
 .text.TIM3_IRQHandler
                0x0000000008000468       0x1c ./output_STM32G474RE/blinky_hal.o
                0x0000000008000468                TIM3_IRQHandler
 .text.blinky_initHal
                0x0000000008000484      0x2c8 ./output_STM32G474RE/blinky_hal.o
                0x0000000008000484                blinky_initHal
 .text.startup.main
                0x000000000800074c       0x14 ./output_STM32G474RE/blinky_main.o
                0x000000000800074c                main
 .text.DISPR_sinit
                0x0000000008000760       0x1c ./output_STM32G474RE/dispatcher_stm32g4xx.o
                0x0000000008000760                DISPR_sinit
 .text.DISPR_configure
                0x000000000800077c       0x50 ./output_STM32G474RE/dispatcher_stm32g4xx.o
                0x000000000800077c                DISPR_configure
 .text.DISPR_registerIdleTask
                0x00000000080007cc        0xc ./output_STM32G474RE/dispatcher_stm32g4xx.o
                0x00000000080007cc                DISPR_registerIdleTask
 .text.DISPR_registerSyncCallback
                0x00000000080007d8        0xc ./output_STM32G474RE/dispatcher_stm32g4xx.o
                0x00000000080007d8                DISPR_registerSyncCallback
 .text.DISPR_registerEnableInterrupt
                0x00000000080007e4        0xc ./output_STM32G474RE/dispatcher_stm32g4xx.o
                0x00000000080007e4                DISPR_registerEnableInterrupt
 .text.DISPR_setPowerupDelay
                0x00000000080007f0        0xc ./output_STM32G474RE/dispatcher_stm32g4xx.o
                0x00000000080007f0                DISPR_setPowerupDelay
 .text.DISPR_registerTask
                0x00000000080007fc       0x6c ./output_STM32G474RE/dispatcher_stm32g4xx.o
                0x00000000080007fc                DISPR_registerTask
 .text.DISPR_start
                0x0000000008000868      0x104 ./output_STM32G474RE/dispatcher_stm32g4xx.o
                0x0000000008000868                DISPR_start
 .text.DISPR_sampleScopes
                0x000000000800096c       0x20 ./output_STM32G474RE/dispatcher_stm32g4xx.o
                0x000000000800096c                DISPR_sampleScopes
 .text.DISPR_dispatch
                0x000000000800098c       0x7c ./output_STM32G474RE/dispatcher_stm32g4xx.o
                0x000000000800098c                DISPR_dispatch
 .text.HAL_InitTick
                0x0000000008000a08       0x78 ./output_STM32G474RE/dispatcher_stm32g4xx.o
                0x0000000008000a08                HAL_InitTick
 .text.TIM7_DAC_IRQHandler
                0x0000000008000a80       0x20 ./output_STM32G474RE/dispatcher_stm32g4xx.o
                0x0000000008000a80                TIM7_DAC_IRQHandler
 .text.PLX_GPIO_sinit
                0x0000000008000aa0       0x9c ./output_STM32G474RE/gpio_stm32g4xx.o
                0x0000000008000aa0                PLX_GPIO_sinit
 .text.PLX_GPIO_setGpioConfig
                0x0000000008000b3c       0x18 ./output_STM32G474RE/gpio_stm32g4xx.o
                0x0000000008000b3c                PLX_GPIO_setGpioConfig
 .text.PLX_GPIO_getBase
                0x0000000008000b54       0x14 ./output_STM32G474RE/gpio_stm32g4xx.o
                0x0000000008000b54                PLX_GPIO_getBase
 .text.PLX_DIO_init
                0x0000000008000b68        0x8 ./output_STM32G474RE/dio_stm32g4xx.o
                0x0000000008000b68                PLX_DIO_init
 .text.PLX_DIO_configureOut
                0x0000000008000b70       0x28 ./output_STM32G474RE/dio_stm32g4xx.o
                0x0000000008000b70                PLX_DIO_configureOut
 .text.PLX_TIM_sinit
                0x0000000008000b98       0xb0 ./output_STM32G474RE/tim_stm32g4xx.o
                0x0000000008000b98                PLX_TIM_sinit
 .text.PLX_TIM_init
                0x0000000008000c48        0x8 ./output_STM32G474RE/tim_stm32g4xx.o
                0x0000000008000c48                PLX_TIM_init
 .text.PLX_TIM_setup
                0x0000000008000c50       0xe8 ./output_STM32G474RE/tim_stm32g4xx.o
                0x0000000008000c50                PLX_TIM_setup
 .text.PLX_TIM_start
                0x0000000008000d38       0x84 ./output_STM32G474RE/tim_stm32g4xx.o
                0x0000000008000d38                PLX_TIM_start
 .text.PLX_TIM_processInt
                0x0000000008000dbc       0x1c ./output_STM32G474RE/tim_stm32g4xx.o
                0x0000000008000dbc                PLX_TIM_processInt
 .text.PLX_UART_init
                0x0000000008000dd8        0x8 ./output_STM32G474RE/uart_stm32g4xx.o
                0x0000000008000dd8                PLX_UART_init
 .text.PLX_UART_configure
                0x0000000008000de0        0x4 ./output_STM32G474RE/uart_stm32g4xx.o
                0x0000000008000de0                PLX_UART_configure
 .text.PLX_UART_setupPort
                0x0000000008000de4       0x98 ./output_STM32G474RE/uart_stm32g4xx.o
                0x0000000008000de4                PLX_UART_setupPort
 .text.SystemInit
                0x0000000008000e7c       0x1c ./output_STM32G474RE/system_stm32g4xx.o
                0x0000000008000e7c                SystemInit
 .text.SystemCoreClockUpdate
                0x0000000008000e98       0x84 ./output_STM32G474RE/system_stm32g4xx.o
                0x0000000008000e98                SystemCoreClockUpdate
 .text.HAL_NVIC_SetPriorityGrouping
                0x0000000008000f1c       0x24 ./output_STM32G474RE/stm32g4xx_hal_cortex.o
                0x0000000008000f1c                HAL_NVIC_SetPriorityGrouping
 .text.HAL_NVIC_SetPriority
                0x0000000008000f40       0x6c ./output_STM32G474RE/stm32g4xx_hal_cortex.o
                0x0000000008000f40                HAL_NVIC_SetPriority
 .text.HAL_NVIC_EnableIRQ
                0x0000000008000fac       0x1c ./output_STM32G474RE/stm32g4xx_hal_cortex.o
                0x0000000008000fac                HAL_NVIC_EnableIRQ
 .text.HAL_NVIC_GetPendingIRQ
                0x0000000008000fc8       0x24 ./output_STM32G474RE/stm32g4xx_hal_cortex.o
                0x0000000008000fc8                HAL_NVIC_GetPendingIRQ
 .text.HAL_PWREx_ControlVoltageScaling
                0x0000000008000fec       0xfc ./output_STM32G474RE/stm32g4xx_hal_pwr_ex.o
                0x0000000008000fec                HAL_PWREx_ControlVoltageScaling
 .text.HAL_RCC_OscConfig
                0x00000000080010e8      0x4a0 ./output_STM32G474RE/stm32g4xx_hal_rcc.o
                0x00000000080010e8                HAL_RCC_OscConfig
 .text.HAL_RCC_GetSysClockFreq
                0x0000000008001588       0x70 ./output_STM32G474RE/stm32g4xx_hal_rcc.o
                0x0000000008001588                HAL_RCC_GetSysClockFreq
 .text.HAL_RCC_ClockConfig
                0x00000000080015f8      0x228 ./output_STM32G474RE/stm32g4xx_hal_rcc.o
                0x00000000080015f8                HAL_RCC_ClockConfig
 .text.HAL_RCC_GetPCLK1Freq
                0x0000000008001820       0x24 ./output_STM32G474RE/stm32g4xx_hal_rcc.o
                0x0000000008001820                HAL_RCC_GetPCLK1Freq
 .text.HAL_RCC_GetPCLK2Freq
                0x0000000008001844       0x24 ./output_STM32G474RE/stm32g4xx_hal_rcc.o
                0x0000000008001844                HAL_RCC_GetPCLK2Freq
 .text.HAL_RCCEx_PeriphCLKConfig
                0x0000000008001868      0x31c ./output_STM32G474RE/stm32g4xx_hal_rcc_ex.o
                0x0000000008001868                HAL_RCCEx_PeriphCLKConfig
 .text.HAL_TIM_Base_MspInit
                0x0000000008001b84        0x4 ./output_STM32G474RE/stm32g4xx_hal_tim.o
                0x0000000008001b84                HAL_TIM_Base_MspInit
 .text.HAL_TIM_Base_Init
                0x0000000008001b88      0x110 ./output_STM32G474RE/stm32g4xx_hal_tim.o
                0x0000000008001b88                HAL_TIM_Base_Init
 .text.HAL_TIM_Base_Start_IT
                0x0000000008001c98       0x84 ./output_STM32G474RE/stm32g4xx_hal_tim.o
                0x0000000008001c98                HAL_TIM_Base_Start_IT
 .text.HAL_UARTEx_EnableFifoMode
                0x0000000008001d1c       0x94 ./output_STM32G474RE/stm32g4xx_hal_uart_ex.o
                0x0000000008001d1c                HAL_UARTEx_EnableFifoMode
 .text.HAL_UART_MspInit
                0x0000000008001db0        0x4 ./output_STM32G474RE/stm32g4xx_hal_uart.o
                0x0000000008001db0                HAL_UART_MspInit
 .text.UART_SetConfig
                0x0000000008001db4      0x324 ./output_STM32G474RE/stm32g4xx_hal_uart.o
                0x0000000008001db4                UART_SetConfig
 .text.UART_AdvFeatureConfig
                0x00000000080020d8       0xb0 ./output_STM32G474RE/stm32g4xx_hal_uart.o
                0x00000000080020d8                UART_AdvFeatureConfig
 .text.UART_CheckIdleState
                0x0000000008002188       0xc4 ./output_STM32G474RE/stm32g4xx_hal_uart.o
                0x0000000008002188                UART_CheckIdleState
 .text.HAL_UART_Init
                0x000000000800224c       0x68 ./output_STM32G474RE/stm32g4xx_hal_uart.o
                0x000000000800224c                HAL_UART_Init
 .text.HAL_MspInit
                0x00000000080022b4        0x4 ./output_STM32G474RE/stm32g4xx_hal.o
                0x00000000080022b4                HAL_MspInit
 .text.HAL_Init
                0x00000000080022b8       0x28 ./output_STM32G474RE/stm32g4xx_hal.o
                0x00000000080022b8                HAL_Init
 .text.HAL_IncTick
                0x00000000080022e0       0x18 ./output_STM32G474RE/stm32g4xx_hal.o
                0x00000000080022e0                HAL_IncTick
 .text.HAL_GetTick
                0x00000000080022f8        0xc ./output_STM32G474RE/stm32g4xx_hal.o
                0x00000000080022f8                HAL_GetTick
 .text.LL_TIM_Init
                0x0000000008002304       0xb0 ./output_STM32G474RE/stm32g4xx_ll_tim.o
                0x0000000008002304                LL_TIM_Init
 .text.LL_GPIO_Init
                0x00000000080023b4      0x150 ./output_STM32G474RE/stm32g4xx_ll_gpio.o
                0x00000000080023b4                LL_GPIO_Init
 .text.blinky_initialize
                0x0000000008002504       0x14 ./output_STM32G474RE/blinky.o
                0x0000000008002504                blinky_initialize
 .text.blinky_step
                0x0000000008002518       0x88 ./output_STM32G474RE/blinky.o
                0x0000000008002518                blinky_step
 .text.Reset_Handler
                0x00000000080025a0       0x50 ./output_STM32G474RE/startup_stm32g474retx.o
                0x00000000080025a0                Reset_Handler
 .text.Default_Handler
                0x00000000080025f0        0x2 ./output_STM32G474RE/startup_stm32g474retx.o
                0x00000000080025f0                RTC_Alarm_IRQHandler
                0x00000000080025f0                EXTI2_IRQHandler
                0x00000000080025f0                TIM8_TRG_COM_IRQHandler
                0x00000000080025f0                TIM8_CC_IRQHandler
                0x00000000080025f0                HRTIM1_Master_IRQHandler
                0x00000000080025f0                DebugMon_Handler
                0x00000000080025f0                SPI4_IRQHandler
                0x00000000080025f0                FDCAN3_IT0_IRQHandler
                0x00000000080025f0                TIM1_CC_IRQHandler
                0x00000000080025f0                HardFault_Handler
                0x00000000080025f0                HRTIM1_FLT_IRQHandler
                0x00000000080025f0                HRTIM1_TIMF_IRQHandler
                0x00000000080025f0                USB_HP_IRQHandler
                0x00000000080025f0                CORDIC_IRQHandler
                0x00000000080025f0                SysTick_Handler
                0x00000000080025f0                HRTIM1_TIMD_IRQHandler
                0x00000000080025f0                PendSV_Handler
                0x00000000080025f0                DMA2_Channel8_IRQHandler
                0x00000000080025f0                NMI_Handler
                0x00000000080025f0                EXTI3_IRQHandler
                0x00000000080025f0                I2C3_ER_IRQHandler
                0x00000000080025f0                EXTI0_IRQHandler
                0x00000000080025f0                I2C2_EV_IRQHandler
                0x00000000080025f0                FPU_IRQHandler
                0x00000000080025f0                FDCAN1_IT1_IRQHandler
                0x00000000080025f0                TIM1_UP_TIM16_IRQHandler
                0x00000000080025f0                UsageFault_Handler
                0x00000000080025f0                ADC1_2_IRQHandler
                0x00000000080025f0                HRTIM1_TIME_IRQHandler
                0x00000000080025f0                SPI1_IRQHandler
                0x00000000080025f0                TIM6_DAC_IRQHandler
                0x00000000080025f0                HRTIM1_TIMC_IRQHandler
                0x00000000080025f0                TIM8_UP_IRQHandler
                0x00000000080025f0                DMA2_Channel2_IRQHandler
                0x00000000080025f0                DMA1_Channel4_IRQHandler
                0x00000000080025f0                TIM20_TRG_COM_IRQHandler
                0x00000000080025f0                USART3_IRQHandler
                0x00000000080025f0                DMA1_Channel7_IRQHandler
                0x00000000080025f0                UART5_IRQHandler
                0x00000000080025f0                ADC3_IRQHandler
                0x00000000080025f0                TIM4_IRQHandler
                0x00000000080025f0                DMA2_Channel1_IRQHandler
                0x00000000080025f0                QUADSPI_IRQHandler
                0x00000000080025f0                I2C1_EV_IRQHandler
                0x00000000080025f0                DMA1_Channel6_IRQHandler
                0x00000000080025f0                UART4_IRQHandler
                0x00000000080025f0                DMA2_Channel4_IRQHandler
                0x00000000080025f0                RCC_IRQHandler
                0x00000000080025f0                TIM20_UP_IRQHandler
                0x00000000080025f0                DMA1_Channel1_IRQHandler
                0x00000000080025f0                Default_Handler
                0x00000000080025f0                DMA2_Channel7_IRQHandler
                0x00000000080025f0                RTC_TAMP_LSECSS_IRQHandler
                0x00000000080025f0                FMAC_IRQHandler
                0x00000000080025f0                EXTI15_10_IRQHandler
                0x00000000080025f0                DMA1_Channel8_IRQHandler
                0x00000000080025f0                HRTIM1_TIMA_IRQHandler
                0x00000000080025f0                FDCAN3_IT1_IRQHandler
                0x00000000080025f0                TIM5_IRQHandler
                0x00000000080025f0                UCPD1_IRQHandler
                0x00000000080025f0                I2C3_EV_IRQHandler
                0x00000000080025f0                EXTI9_5_IRQHandler
                0x00000000080025f0                RTC_WKUP_IRQHandler
                0x00000000080025f0                PVD_PVM_IRQHandler
                0x00000000080025f0                SPI2_IRQHandler
                0x00000000080025f0                MemManage_Handler
                0x00000000080025f0                ADC5_IRQHandler
                0x00000000080025f0                SVC_Handler
                0x00000000080025f0                DMA2_Channel5_IRQHandler
                0x00000000080025f0                CRS_IRQHandler
                0x00000000080025f0                DMA1_Channel5_IRQHandler
                0x00000000080025f0                USB_LP_IRQHandler
                0x00000000080025f0                EXTI4_IRQHandler
                0x00000000080025f0                RNG_IRQHandler
                0x00000000080025f0                HRTIM1_TIMB_IRQHandler
                0x00000000080025f0                TIM1_TRG_COM_TIM17_IRQHandler
                0x00000000080025f0                FDCAN2_IT1_IRQHandler
                0x00000000080025f0                DMA1_Channel3_IRQHandler
                0x00000000080025f0                ADC4_IRQHandler
                0x00000000080025f0                WWDG_IRQHandler
                0x00000000080025f0                I2C4_EV_IRQHandler
                0x00000000080025f0                FDCAN2_IT0_IRQHandler
                0x00000000080025f0                LPUART1_IRQHandler
                0x00000000080025f0                DMA2_Channel6_IRQHandler
                0x00000000080025f0                FDCAN1_IT0_IRQHandler
                0x00000000080025f0                TIM2_IRQHandler
                0x00000000080025f0                COMP7_IRQHandler
                0x00000000080025f0                COMP1_2_3_IRQHandler
                0x00000000080025f0                EXTI1_IRQHandler
                0x00000000080025f0                USART2_IRQHandler
                0x00000000080025f0                COMP4_5_6_IRQHandler
                0x00000000080025f0                TIM20_BRK_IRQHandler
                0x00000000080025f0                I2C2_ER_IRQHandler
                0x00000000080025f0                DMA1_Channel2_IRQHandler
                0x00000000080025f0                TIM8_BRK_IRQHandler
                0x00000000080025f0                FLASH_IRQHandler
                0x00000000080025f0                TIM20_CC_IRQHandler
                0x00000000080025f0                BusFault_Handler
                0x00000000080025f0                USART1_IRQHandler
                0x00000000080025f0                SPI3_IRQHandler
                0x00000000080025f0                I2C1_ER_IRQHandler
                0x00000000080025f0                FMC_IRQHandler
                0x00000000080025f0                LPTIM1_IRQHandler
                0x00000000080025f0                DMAMUX_OVR_IRQHandler
                0x00000000080025f0                I2C4_ER_IRQHandler
                0x00000000080025f0                USBWakeUp_IRQHandler
                0x00000000080025f0                SAI1_IRQHandler
                0x00000000080025f0                DMA2_Channel3_IRQHandler
                0x00000000080025f0                TIM1_BRK_TIM15_IRQHandler
 *fill*         0x00000000080025f2        0x2 
 .text.PIL_defaultPILAction
                0x00000000080025f4        0x4 C:/Capstone/target_support_packages/tsp_stm32/gcc/g4/../pil\libpil.a(pil.o)
 .text.PIL_defaultPILBackgroundComm
                0x00000000080025f8        0x4 C:/Capstone/target_support_packages/tsp_stm32/gcc/g4/../pil\libpil.a(pil.o)
 .text.PIL_SCOPE_sample
                0x00000000080025fc        0x8 C:/Capstone/target_support_packages/tsp_stm32/gcc/g4/../pil\libpil.a(pil.o)
                0x00000000080025fc                PIL_SCOPE_sample
 .text.PIL_setGuid
                0x0000000008002604       0x50 C:/Capstone/target_support_packages/tsp_stm32/gcc/g4/../pil\libpil.a(pil.o)
                0x0000000008002604                PIL_setGuid
 .text.PIL_setChecksum
                0x0000000008002654      0x108 C:/Capstone/target_support_packages/tsp_stm32/gcc/g4/../pil\libpil.a(pil.o)
                0x0000000008002654                PIL_setChecksum
 .text.PIL_setSerialComCallback
                0x000000000800275c        0x8 C:/Capstone/target_support_packages/tsp_stm32/gcc/g4/../pil\libpil.a(pil.o)
                0x000000000800275c                PIL_setSerialComCallback
 .text.PIL_setAndConfigScopeBuffer
                0x0000000008002764       0x10 C:/Capstone/target_support_packages/tsp_stm32/gcc/g4/../pil\libpil.a(pil.o)
                0x0000000008002764                PIL_setAndConfigScopeBuffer
 .text.PIL_beginInterruptCall
                0x0000000008002774       0xc0 C:/Capstone/target_support_packages/tsp_stm32/gcc/g4/../pil\libpil.a(pil.o)
                0x0000000008002774                PIL_beginInterruptCall
 .text.PIL_backgroundCall
                0x0000000008002834       0xb4 C:/Capstone/target_support_packages/tsp_stm32/gcc/g4/../pil\libpil.a(pil.o)
                0x0000000008002834                PIL_backgroundCall
 .text.PIL_init
                0x00000000080028e8       0xc4 C:/Capstone/target_support_packages/tsp_stm32/gcc/g4/../pil\libpil.a(pil.o)
                0x00000000080028e8                PIL_init
 .text.PIL_PROBES_packReadProbeMsg
                0x00000000080029ac      0x178 C:/Capstone/target_support_packages/tsp_stm32/gcc/g4/../pil\libpil.a(probes.o)
 .text.PIL_PROBES_init
                0x0000000008002b24       0x20 C:/Capstone/target_support_packages/tsp_stm32/gcc/g4/../pil\libpil.a(probes.o)
                0x0000000008002b24                PIL_PROBES_init
 .text.PIL_PROBES_setActualPilMode
                0x0000000008002b44        0x8 C:/Capstone/target_support_packages/tsp_stm32/gcc/g4/../pil\libpil.a(probes.o)
                0x0000000008002b44                PIL_PROBES_setActualPilMode
 .text.PIL_PROBES_setActualPilStep
                0x0000000008002b4c        0x4 C:/Capstone/target_support_packages/tsp_stm32/gcc/g4/../pil\libpil.a(probes.o)
                0x0000000008002b4c                PIL_PROBES_setActualPilStep
 .text.PIL_PROBES_getActualPilMode
                0x0000000008002b50        0x4 C:/Capstone/target_support_packages/tsp_stm32/gcc/g4/../pil\libpil.a(probes.o)
                0x0000000008002b50                PIL_PROBES_getActualPilMode
 .text.PIL_PROBES_getDesiredPilMode
                0x0000000008002b54        0x4 C:/Capstone/target_support_packages/tsp_stm32/gcc/g4/../pil\libpil.a(probes.o)
                0x0000000008002b54                PIL_PROBES_getDesiredPilMode
 .text.PIL_PROBES_getPreviousPilMode
                0x0000000008002b58        0x4 C:/Capstone/target_support_packages/tsp_stm32/gcc/g4/../pil\libpil.a(probes.o)
                0x0000000008002b58                PIL_PROBES_getPreviousPilMode
 .text.PIL_PROBES_getActualPilStep
                0x0000000008002b5c        0x4 C:/Capstone/target_support_packages/tsp_stm32/gcc/g4/../pil\libpil.a(probes.o)
                0x0000000008002b5c                PIL_PROBES_getActualPilStep
 .text.PIL_PROBES_getDesiredPilStep
                0x0000000008002b60        0x4 C:/Capstone/target_support_packages/tsp_stm32/gcc/g4/../pil\libpil.a(probes.o)
                0x0000000008002b60                PIL_PROBES_getDesiredPilStep
 .text.PIL_PROBES_messageHandler
                0x0000000008002b64      0x63c C:/Capstone/target_support_packages/tsp_stm32/gcc/g4/../pil\libpil.a(probes.o)
                0x0000000008002b64                PIL_PROBES_messageHandler
 .text.PIL_RA_coreMessageHandler
                0x00000000080031a0       0x94 C:/Capstone/target_support_packages/tsp_stm32/gcc/g4/../pil\libpil.a(remoteagent.o)
 .text.PIL_RA_init
                0x0000000008003234       0x50 C:/Capstone/target_support_packages/tsp_stm32/gcc/g4/../pil\libpil.a(remoteagent.o)
                0x0000000008003234                PIL_RA_init
 .text.PIL_RA_setGuid
                0x0000000008003284       0x2c C:/Capstone/target_support_packages/tsp_stm32/gcc/g4/../pil\libpil.a(remoteagent.o)
                0x0000000008003284                PIL_RA_setGuid
 .text.PIL_RA_setChecksum
                0x00000000080032b0       0x4c C:/Capstone/target_support_packages/tsp_stm32/gcc/g4/../pil\libpil.a(remoteagent.o)
                0x00000000080032b0                PIL_RA_setChecksum
 .text.PIL_RA_registerService
                0x00000000080032fc       0x1c C:/Capstone/target_support_packages/tsp_stm32/gcc/g4/../pil\libpil.a(remoteagent.o)
                0x00000000080032fc                PIL_RA_registerService
 .text.PIL_RA_pollLinkRsp
                0x0000000008003318       0x60 C:/Capstone/target_support_packages/tsp_stm32/gcc/g4/../pil\libpil.a(remoteagent.o)
                0x0000000008003318                PIL_RA_pollLinkRsp
 .text.PIL_RA_pollLinkReq
                0x0000000008003378       0x84 C:/Capstone/target_support_packages/tsp_stm32/gcc/g4/../pil\libpil.a(remoteagent.o)
                0x0000000008003378                PIL_RA_pollLinkReq
 .text.PIL_SCOPE_compareTrigger
                0x00000000080033fc       0x9c C:/Capstone/target_support_packages/tsp_stm32/gcc/g4/../pil\libpil.a(scope.o)
 .text.PIL_SCOPE_init
                0x0000000008003498       0x44 C:/Capstone/target_support_packages/tsp_stm32/gcc/g4/../pil\libpil.a(scope.o)
                0x0000000008003498                PIL_SCOPE_init
 .text.PIL_SCOPE_setBuffer
                0x00000000080034dc       0x18 C:/Capstone/target_support_packages/tsp_stm32/gcc/g4/../pil\libpil.a(scope.o)
                0x00000000080034dc                PIL_SCOPE_setBuffer
 .text.PIL_SCOPE_sample_p
                0x00000000080034f4      0x168 C:/Capstone/target_support_packages/tsp_stm32/gcc/g4/../pil\libpil.a(scope.o)
                0x00000000080034f4                PIL_SCOPE_sample_p
 .text.PIL_SCOPE_messageHandler
                0x000000000800365c      0x3e8 C:/Capstone/target_support_packages/tsp_stm32/gcc/g4/../pil\libpil.a(scope.o)
                0x000000000800365c                PIL_SCOPE_messageHandler
 .text.PIL_SLINK_byteIn
                0x0000000008003a44       0x74 C:/Capstone/target_support_packages/tsp_stm32/gcc/g4/../pil\libpil.a(seriallink.o)
 .text.PIL_SLINK_putInt
                0x0000000008003ab8       0xc4 C:/Capstone/target_support_packages/tsp_stm32/gcc/g4/../pil\libpil.a(seriallink.o)
 .text.PIL_SLINK_init
                0x0000000008003b7c       0x34 C:/Capstone/target_support_packages/tsp_stm32/gcc/g4/../pil\libpil.a(seriallink.o)
                0x0000000008003b7c                PIL_SLINK_init
 .text.PIL_SLINK_in
                0x0000000008003bb0        0x8 C:/Capstone/target_support_packages/tsp_stm32/gcc/g4/../pil\libpil.a(seriallink.o)
                0x0000000008003bb0                PIL_SLINK_in
 .text.PIL_SLINK_out
                0x0000000008003bb8       0x4c C:/Capstone/target_support_packages/tsp_stm32/gcc/g4/../pil\libpil.a(seriallink.o)
                0x0000000008003bb8                PIL_SLINK_out
 .text.PIL_SLINK_outBufIsEmpty
                0x0000000008003c04        0x8 C:/Capstone/target_support_packages/tsp_stm32/gcc/g4/../pil\libpil.a(seriallink.o)
                0x0000000008003c04                PIL_SLINK_outBufIsEmpty
 .text.PIL_SLINK_send
                0x0000000008003c0c      0x2f4 C:/Capstone/target_support_packages/tsp_stm32/gcc/g4/../pil\libpil.a(seriallink.o)
                0x0000000008003c0c                PIL_SLINK_send
 .text.PIL_SLINK_receive
                0x0000000008003f00      0x334 C:/Capstone/target_support_packages/tsp_stm32/gcc/g4/../pil\libpil.a(seriallink.o)
                0x0000000008003f00                PIL_SLINK_receive
 .text.PIL_DisableInt
                0x0000000008004234        0x8 C:/Capstone/target_support_packages/tsp_stm32/gcc/g4/../pil\libpil.a(pil_dis_int.o)
                0x0000000008004234                PIL_DisableInt
 .text.PIL_RestoreInt
                0x000000000800423c        0x4 C:/Capstone/target_support_packages/tsp_stm32/gcc/g4/../pil\libpil.a(pil_dis_int.o)
                0x000000000800423c                PIL_RestoreInt
 .text.PIL_BSRVS_init
                0x0000000008004240       0x18 C:/Capstone/target_support_packages/tsp_stm32/gcc/g4/../pil\libpil.a(basicservices.o)
                0x0000000008004240                PIL_BSRVS_init
 .text.PIL_BSRVS_messageHandler
                0x0000000008004258      0x484 C:/Capstone/target_support_packages/tsp_stm32/gcc/g4/../pil\libpil.a(basicservices.o)
                0x0000000008004258                PIL_BSRVS_messageHandler
 .text.PIL_PBRIDGE_init
                0x00000000080046dc        0x8 C:/Capstone/target_support_packages/tsp_stm32/gcc/g4/../pil\libpil.a(parallelbridge.o)
                0x00000000080046dc                PIL_PBRIDGE_init
 .text.PIL_PBRIDGE_configure
                0x00000000080046e4        0x4 C:/Capstone/target_support_packages/tsp_stm32/gcc/g4/../pil\libpil.a(parallelbridge.o)
                0x00000000080046e4                PIL_PBRIDGE_configure
 .text.PIL_RBUF_reset
                0x00000000080046e8        0xc C:/Capstone/target_support_packages/tsp_stm32/gcc/g4/../pil\libpil.a(ringbuf.o)
                0x00000000080046e8                PIL_RBUF_reset
 .text.PIL_RBUF_isEmpty
                0x00000000080046f4        0xc C:/Capstone/target_support_packages/tsp_stm32/gcc/g4/../pil\libpil.a(ringbuf.o)
                0x00000000080046f4                PIL_RBUF_isEmpty
 .text.PIL_RBUF_push
                0x0000000008004700       0x40 C:/Capstone/target_support_packages/tsp_stm32/gcc/g4/../pil\libpil.a(ringbuf.o)
                0x0000000008004700                PIL_RBUF_push
 .text.PIL_RBUF_pop
                0x0000000008004740       0x34 C:/Capstone/target_support_packages/tsp_stm32/gcc/g4/../pil\libpil.a(ringbuf.o)
                0x0000000008004740                PIL_RBUF_pop
 .text.__udivmoddi4
                0x0000000008004774      0x2d0 c:/capstone/target_support_packages/tsp_stm32/bin/gcc-arm-none-eabi/bin/../lib/gcc/arm-none-eabi/8.2.1/thumb/v7e-m+fp/softfp\libgcc.a(_udivmoddi4.o)
                0x0000000008004774                __udivmoddi4
 .text.__libc_init_array
                0x0000000008004a44       0x48 c:/capstone/target_support_packages/tsp_stm32/bin/gcc-arm-none-eabi/bin/../lib/gcc/arm-none-eabi/8.2.1/../../../../arm-none-eabi/lib/thumb/v7e-m+fp/softfp\libg_nano.a(lib_a-init.o)
                0x0000000008004a44                __libc_init_array
 .text.memset   0x0000000008004a8c       0x10 c:/capstone/target_support_packages/tsp_stm32/bin/gcc-arm-none-eabi/bin/../lib/gcc/arm-none-eabi/8.2.1/../../../../arm-none-eabi/lib/thumb/v7e-m+fp/softfp\libg_nano.a(lib_a-memset.o)
                0x0000000008004a8c                memset
 *(.glue_7)
 .glue_7        0x0000000008004a9c        0x0 linker stubs
 *(.glue_7t)
 .glue_7t       0x0000000008004a9c        0x0 linker stubs
 *(.eh_frame)
 .eh_frame      0x0000000008004a9c        0x0 c:/capstone/target_support_packages/tsp_stm32/bin/gcc-arm-none-eabi/bin/../lib/gcc/arm-none-eabi/8.2.1/thumb/v7e-m+fp/softfp/crtbegin.o
 *(.init)
 .init          0x0000000008004a9c        0x4 c:/capstone/target_support_packages/tsp_stm32/bin/gcc-arm-none-eabi/bin/../lib/gcc/arm-none-eabi/8.2.1/thumb/v7e-m+fp/softfp/crti.o
                0x0000000008004a9c                _init
 .init          0x0000000008004aa0        0x8 c:/capstone/target_support_packages/tsp_stm32/bin/gcc-arm-none-eabi/bin/../lib/gcc/arm-none-eabi/8.2.1/thumb/v7e-m+fp/softfp/crtn.o
 *(.fini)
 .fini          0x0000000008004aa8        0x4 c:/capstone/target_support_packages/tsp_stm32/bin/gcc-arm-none-eabi/bin/../lib/gcc/arm-none-eabi/8.2.1/thumb/v7e-m+fp/softfp/crti.o
                0x0000000008004aa8                _fini
 .fini          0x0000000008004aac        0x8 c:/capstone/target_support_packages/tsp_stm32/bin/gcc-arm-none-eabi/bin/../lib/gcc/arm-none-eabi/8.2.1/thumb/v7e-m+fp/softfp/crtn.o
 *(.rodata.pilv)
 .rodata.pilv   0x0000000008004ab4       0x58 ./output_STM32G474RE/blinky_hal.o
                0x0000000008004ab4                PIL_D_Guid
                0x0000000008004abc                PIL_D_BaudRate
                0x0000000008004ac0                PIL_D_StationAddress
                0x0000000008004ac4                PIL_D_FirmwareDescription
                0x0000000008004ad2                PIL_D_FrameworkVersion
                0x0000000008004ad4                PIL_D_CompiledBy
                0x0000000008004ae0                PIL_D_CompiledDate
                0x0000000008004af4                PIL_C_ExtMode_ExtModeSignals_Size
                0x0000000008004af8                PIL_C_ExtMode_ExtModeSignals_Ptr
                0x0000000008004afc                PIL_C_ExtMode_checksum_Ptr
                0x0000000008004b00                PIL_C_ExtMode_sampleTime_Ptr
                0x0000000008004b04                PIL_C_ExtMode_targetPointer_Size
                0x0000000008004b08                PIL_C_ExtMode_targetFloat_Size
                0x0000000008004b0c                . = ALIGN (0x4)
                0x0000000008004b0c                _etext = .

.vfp11_veneer   0x0000000008004b0c        0x0
 .vfp11_veneer  0x0000000008004b0c        0x0 linker stubs

.v4_bx          0x0000000008004b0c        0x0
 .v4_bx         0x0000000008004b0c        0x0 linker stubs

.iplt           0x0000000008004b0c        0x0
 .iplt          0x0000000008004b0c        0x0 c:/capstone/target_support_packages/tsp_stm32/bin/gcc-arm-none-eabi/bin/../lib/gcc/arm-none-eabi/8.2.1/thumb/v7e-m+fp/softfp/crtfastmath.o

.rodata         0x0000000008004b0c       0xb8
                0x0000000008004b0c                . = ALIGN (0x4)
 *(.rodata)
 .rodata        0x0000000008004b0c       0x1c ./output_STM32G474RE/gpio_stm32g4xx.o
 .rodata        0x0000000008004b28       0x18 ./output_STM32G474RE/system_stm32g4xx.o
                0x0000000008004b28                AHBPrescTable
                0x0000000008004b38                APBPrescTable
 .rodata        0x0000000008004b40       0x2c ./output_STM32G474RE/stm32g4xx_hal_uart.o
                0x0000000008004b54                UARTPrescTable
 .rodata        0x0000000008004b6c        0xc ./output_STM32G474RE/blinky.o
                0x0000000008004b6c                blinky_checksum
                0x0000000008004b70                blinky_sampleTime
                0x0000000008004b74                blinky_ExtModeSignals
 *(.rodata*)
 .rodata.str1.4
                0x0000000008004b78       0x2c ./output_STM32G474RE/blinky.o
                                         0x29 (size before relaxing)
 .rodata.PIL_SLINK_crc16Lookup
                0x0000000008004ba4       0x20 C:/Capstone/target_support_packages/tsp_stm32/gcc/g4/../pil\libpil.a(seriallink.o)
                0x0000000008004ba4                PIL_SLINK_crc16Lookup
                0x0000000008004bc4                . = ALIGN (0x4)

.ARM.extab      0x0000000008004bc4        0x0
                0x0000000008004bc4                . = ALIGN (0x4)
 *(.ARM.extab* .gnu.linkonce.armextab.*)
                0x0000000008004bc4                . = ALIGN (0x4)

.ARM            0x0000000008004bc4        0x8
                0x0000000008004bc4                . = ALIGN (0x4)
                0x0000000008004bc4                __exidx_start = .
 *(.ARM.exidx*)
 .ARM.exidx.text.__udivmoddi4
                0x0000000008004bc4        0x8 c:/capstone/target_support_packages/tsp_stm32/bin/gcc-arm-none-eabi/bin/../lib/gcc/arm-none-eabi/8.2.1/thumb/v7e-m+fp/softfp\libgcc.a(_udivmoddi4.o)
                0x0000000008004bcc                __exidx_end = .
                0x0000000008004bcc                . = ALIGN (0x4)

.rel.dyn        0x0000000008004bcc        0x0
 .rel.iplt      0x0000000008004bcc        0x0 c:/capstone/target_support_packages/tsp_stm32/bin/gcc-arm-none-eabi/bin/../lib/gcc/arm-none-eabi/8.2.1/thumb/v7e-m+fp/softfp/crtfastmath.o

.preinit_array  0x0000000008004bcc        0x0
                0x0000000008004bcc                . = ALIGN (0x4)
                0x0000000008004bcc                PROVIDE (__preinit_array_start = .)
 *(.preinit_array*)
                0x0000000008004bcc                PROVIDE (__preinit_array_end = .)
                0x0000000008004bcc                . = ALIGN (0x4)

.init_array     0x0000000008004bcc        0x8
                0x0000000008004bcc                . = ALIGN (0x4)
                0x0000000008004bcc                PROVIDE (__init_array_start = .)
 *(SORT_BY_NAME(.init_array.*))
 *(.init_array*)
 .init_array    0x0000000008004bcc        0x4 c:/capstone/target_support_packages/tsp_stm32/bin/gcc-arm-none-eabi/bin/../lib/gcc/arm-none-eabi/8.2.1/thumb/v7e-m+fp/softfp/crtfastmath.o
 .init_array    0x0000000008004bd0        0x4 c:/capstone/target_support_packages/tsp_stm32/bin/gcc-arm-none-eabi/bin/../lib/gcc/arm-none-eabi/8.2.1/thumb/v7e-m+fp/softfp/crtbegin.o
                0x0000000008004bd4                PROVIDE (__init_array_end = .)
                0x0000000008004bd4                . = ALIGN (0x4)

.fini_array     0x0000000008004bd4        0x4
                0x0000000008004bd4                . = ALIGN (0x4)
                [!provide]                        PROVIDE (__fini_array_start = .)
 *(SORT_BY_NAME(.fini_array.*))
 *(.fini_array*)
 .fini_array    0x0000000008004bd4        0x4 c:/capstone/target_support_packages/tsp_stm32/bin/gcc-arm-none-eabi/bin/../lib/gcc/arm-none-eabi/8.2.1/thumb/v7e-m+fp/softfp/crtbegin.o
                [!provide]                        PROVIDE (__fini_array_end = .)
                0x0000000008004bd8                . = ALIGN (0x4)
                0x0000000008004bd8                _sidata = LOADADDR (.data)

.data           0x0000000020000200       0x10 load address 0x0000000008004bd8
                0x0000000020000200                . = ALIGN (0x4)
                0x0000000020000200                _sdata = .
 *(.data)
 .data          0x0000000020000200        0x1 ./output_STM32G474RE/gpio_stm32g4xx.o
 *fill*         0x0000000020000201        0x3 
 .data          0x0000000020000204        0x4 ./output_STM32G474RE/system_stm32g4xx.o
                0x0000000020000204                SystemCoreClock
 .data          0x0000000020000208        0x8 ./output_STM32G474RE/stm32g4xx_hal.o
                0x0000000020000208                uwTickFreq
                0x000000002000020c                uwTickPrio
 *(.data*)
                0x0000000020000210                . = ALIGN (0x4)
                0x0000000020000210                _edata = .

.igot.plt       0x0000000020000210        0x0 load address 0x0000000008004be8
 .igot.plt      0x0000000020000210        0x0 c:/capstone/target_support_packages/tsp_stm32/bin/gcc-arm-none-eabi/bin/../lib/gcc/arm-none-eabi/8.2.1/thumb/v7e-m+fp/softfp/crtfastmath.o

.tm_clone_table
                0x0000000020000210        0x0 load address 0x0000000008004be8
 .tm_clone_table
                0x0000000020000210        0x0 c:/capstone/target_support_packages/tsp_stm32/bin/gcc-arm-none-eabi/bin/../lib/gcc/arm-none-eabi/8.2.1/thumb/v7e-m+fp/softfp/crtbegin.o
 .tm_clone_table
                0x0000000020000210        0x0 c:/capstone/target_support_packages/tsp_stm32/bin/gcc-arm-none-eabi/bin/../lib/gcc/arm-none-eabi/8.2.1/thumb/v7e-m+fp/softfp/crtend.o
                0x0000000020000210                . = ALIGN (0x4)

.bss            0x0000000020000210     0x10d4 load address 0x0000000008004be8
                0x0000000020000210                _sbss = .
                0x0000000020000210                __bss_start__ = _sbss
 *(.bss)
 .bss           0x0000000020000210        0x8 ./output_STM32G474RE/blinky_hal.o
                0x0000000020000214                PilHandle
 .bss           0x0000000020000218       0x4c ./output_STM32G474RE/dispatcher_stm32g4xx.o
 .bss           0x0000000020000264        0x9 ./output_STM32G474RE/blinky.o
 *(.bss*)
 .bss.completed.8014
                0x000000002000026d        0x1 c:/capstone/target_support_packages/tsp_stm32/bin/gcc-arm-none-eabi/bin/../lib/gcc/arm-none-eabi/8.2.1/thumb/v7e-m+fp/softfp/crtbegin.o
 *fill*         0x000000002000026e        0x2 
 .bss.object.8019
                0x0000000020000270       0x18 c:/capstone/target_support_packages/tsp_stm32/bin/gcc-arm-none-eabi/bin/../lib/gcc/arm-none-eabi/8.2.1/thumb/v7e-m+fp/softfp/crtbegin.o
 *(COMMON)
 COMMON         0x0000000020000288      0xff8 ./output_STM32G474RE/blinky_hal.o
                0x0000000020000288                DoutHandles
                0x000000002000028c                UartHandle
                0x0000000020000290                TimerHandles
                0x0000000020000294                TimerObj
                0x00000000200002b8                TaskObj
                0x00000000200002cc                ScopeBuffer
                0x0000000020000aa4                UartObj
                0x0000000020000b34                PilObj
                0x0000000020001278                DoutObj
 COMMON         0x0000000020001280       0x58 ./output_STM32G474RE/dispatcher_stm32g4xx.o
                0x0000000020001280                DisprHandle
                0x0000000020001284                DisprObj
 COMMON         0x00000000200012d8        0x4 ./output_STM32G474RE/stm32g4xx_hal.o
                0x00000000200012d8                uwTick
 COMMON         0x00000000200012dc        0x8 ./output_STM32G474RE/blinky.o
                0x00000000200012dc                blinky_B
                0x00000000200012e0                blinky_errorStatus
                0x00000000200012e4                . = ALIGN (0x4)
                0x00000000200012e4                _ebss = .
                0x00000000200012e4                __bss_end__ = _ebss

._user_heap_stack
                0x00000000200012e4      0x604 load address 0x0000000008004be8
                0x00000000200012e8                . = ALIGN (0x8)
 *fill*         0x00000000200012e4        0x4 
                [!provide]                        PROVIDE (end = .)
                [!provide]                        PROVIDE (_end = .)
                0x00000000200014e8                . = (. + _Min_Heap_Size)
 *fill*         0x00000000200012e8      0x200 
                0x00000000200018e8                . = (. + _Min_Stack_Size)
 *fill*         0x00000000200014e8      0x400 
                0x00000000200018e8                . = ALIGN (0x8)

/DISCARD/
 libc.a(*)
 libm.a(*)
 libgcc.a(*)

.ARM.attributes
                0x0000000000000000       0x30
 *(.ARM.attributes)
 .ARM.attributes
                0x0000000000000000       0x32 c:/capstone/target_support_packages/tsp_stm32/bin/gcc-arm-none-eabi/bin/../lib/gcc/arm-none-eabi/8.2.1/thumb/v7e-m+fp/softfp/crtfastmath.o
 .ARM.attributes
                0x0000000000000032       0x1e c:/capstone/target_support_packages/tsp_stm32/bin/gcc-arm-none-eabi/bin/../lib/gcc/arm-none-eabi/8.2.1/thumb/v7e-m+fp/softfp/crti.o
 .ARM.attributes
                0x0000000000000050       0x32 c:/capstone/target_support_packages/tsp_stm32/bin/gcc-arm-none-eabi/bin/../lib/gcc/arm-none-eabi/8.2.1/thumb/v7e-m+fp/softfp/crtbegin.o
 .ARM.attributes
                0x0000000000000082       0x2e ./output_STM32G474RE/blinky_hal.o
 .ARM.attributes
                0x00000000000000b0       0x2e ./output_STM32G474RE/blinky_main.o
 .ARM.attributes
                0x00000000000000de       0x2e ./output_STM32G474RE/dispatcher_stm32g4xx.o
 .ARM.attributes
                0x000000000000010c       0x2e ./output_STM32G474RE/gpio_stm32g4xx.o
 .ARM.attributes
                0x000000000000013a       0x2e ./output_STM32G474RE/dio_stm32g4xx.o
 .ARM.attributes
                0x0000000000000168       0x2e ./output_STM32G474RE/tim_stm32g4xx.o
 .ARM.attributes
                0x0000000000000196       0x2e ./output_STM32G474RE/uart_stm32g4xx.o
 .ARM.attributes
                0x00000000000001c4       0x2e ./output_STM32G474RE/system_stm32g4xx.o
 .ARM.attributes
                0x00000000000001f2       0x2e ./output_STM32G474RE/stm32g4xx_hal_cortex.o
 .ARM.attributes
                0x0000000000000220       0x2e ./output_STM32G474RE/stm32g4xx_hal_pwr_ex.o
 .ARM.attributes
                0x000000000000024e       0x2e ./output_STM32G474RE/stm32g4xx_hal_rcc.o
 .ARM.attributes
                0x000000000000027c       0x2e ./output_STM32G474RE/stm32g4xx_hal_rcc_ex.o
 .ARM.attributes
                0x00000000000002aa       0x2e ./output_STM32G474RE/stm32g4xx_hal_tim.o
 .ARM.attributes
                0x00000000000002d8       0x2e ./output_STM32G474RE/stm32g4xx_hal_uart_ex.o
 .ARM.attributes
                0x0000000000000306       0x2e ./output_STM32G474RE/stm32g4xx_hal_uart.o
 .ARM.attributes
                0x0000000000000334       0x2e ./output_STM32G474RE/stm32g4xx_hal.o
 .ARM.attributes
                0x0000000000000362       0x2e ./output_STM32G474RE/stm32g4xx_ll_tim.o
 .ARM.attributes
                0x0000000000000390       0x2e ./output_STM32G474RE/stm32g4xx_ll_gpio.o
 .ARM.attributes
                0x00000000000003be       0x2e ./output_STM32G474RE/blinky.o
 .ARM.attributes
                0x00000000000003ec       0x21 ./output_STM32G474RE/startup_stm32g474retx.o
 .ARM.attributes
                0x000000000000040d       0x2e C:/Capstone/target_support_packages/tsp_stm32/gcc/g4/../pil\libpil.a(pil.o)
 .ARM.attributes
                0x000000000000043b       0x2e C:/Capstone/target_support_packages/tsp_stm32/gcc/g4/../pil\libpil.a(probes.o)
 .ARM.attributes
                0x0000000000000469       0x2e C:/Capstone/target_support_packages/tsp_stm32/gcc/g4/../pil\libpil.a(remoteagent.o)
 .ARM.attributes
                0x0000000000000497       0x2e C:/Capstone/target_support_packages/tsp_stm32/gcc/g4/../pil\libpil.a(scope.o)
 .ARM.attributes
                0x00000000000004c5       0x2e C:/Capstone/target_support_packages/tsp_stm32/gcc/g4/../pil\libpil.a(seriallink.o)
 .ARM.attributes
                0x00000000000004f3       0x2e C:/Capstone/target_support_packages/tsp_stm32/gcc/g4/../pil\libpil.a(pil_dis_int.o)
 .ARM.attributes
                0x0000000000000521       0x2e C:/Capstone/target_support_packages/tsp_stm32/gcc/g4/../pil\libpil.a(basicservices.o)
 .ARM.attributes
                0x000000000000054f       0x2e C:/Capstone/target_support_packages/tsp_stm32/gcc/g4/../pil\libpil.a(parallelbridge.o)
 .ARM.attributes
                0x000000000000057d       0x2e C:/Capstone/target_support_packages/tsp_stm32/gcc/g4/../pil\libpil.a(ringbuf.o)
 .ARM.attributes
                0x00000000000005ab       0x1e c:/capstone/target_support_packages/tsp_stm32/bin/gcc-arm-none-eabi/bin/../lib/gcc/arm-none-eabi/8.2.1/thumb/v7e-m+fp/softfp\libgcc.a(_arm_cmpdf2.o)
 .ARM.attributes
                0x00000000000005c9       0x1e c:/capstone/target_support_packages/tsp_stm32/bin/gcc-arm-none-eabi/bin/../lib/gcc/arm-none-eabi/8.2.1/thumb/v7e-m+fp/softfp\libgcc.a(_aeabi_uldivmod.o)
 .ARM.attributes
                0x00000000000005e7       0x32 c:/capstone/target_support_packages/tsp_stm32/bin/gcc-arm-none-eabi/bin/../lib/gcc/arm-none-eabi/8.2.1/thumb/v7e-m+fp/softfp\libgcc.a(_udivmoddi4.o)
 .ARM.attributes
                0x0000000000000619       0x1e c:/capstone/target_support_packages/tsp_stm32/bin/gcc-arm-none-eabi/bin/../lib/gcc/arm-none-eabi/8.2.1/thumb/v7e-m+fp/softfp\libgcc.a(_dvmd_tls.o)
 .ARM.attributes
                0x0000000000000637       0x32 c:/capstone/target_support_packages/tsp_stm32/bin/gcc-arm-none-eabi/bin/../lib/gcc/arm-none-eabi/8.2.1/../../../../arm-none-eabi/lib/thumb/v7e-m+fp/softfp\libg_nano.a(lib_a-init.o)
 .ARM.attributes
                0x0000000000000669       0x32 c:/capstone/target_support_packages/tsp_stm32/bin/gcc-arm-none-eabi/bin/../lib/gcc/arm-none-eabi/8.2.1/../../../../arm-none-eabi/lib/thumb/v7e-m+fp/softfp\libg_nano.a(lib_a-memset.o)
 .ARM.attributes
                0x000000000000069b       0x30 c:/capstone/target_support_packages/tsp_stm32/bin/gcc-arm-none-eabi/bin/../lib/gcc/arm-none-eabi/8.2.1/thumb/v7e-m+fp/softfp/crtend.o
 .ARM.attributes
                0x00000000000006cb       0x1e c:/capstone/target_support_packages/tsp_stm32/bin/gcc-arm-none-eabi/bin/../lib/gcc/arm-none-eabi/8.2.1/thumb/v7e-m+fp/softfp/crtn.o
OUTPUT(./output_STM32G474RE/blinky.elf elf32-littlearm)

.debug_frame    0x0000000000000000     0x3080
 .debug_frame   0x0000000000000000       0x20 c:/capstone/target_support_packages/tsp_stm32/bin/gcc-arm-none-eabi/bin/../lib/gcc/arm-none-eabi/8.2.1/thumb/v7e-m+fp/softfp/crtfastmath.o
 .debug_frame   0x0000000000000020       0xf4 ./output_STM32G474RE/blinky_hal.o
 .debug_frame   0x0000000000000114       0x28 ./output_STM32G474RE/blinky_main.o
 .debug_frame   0x000000000000013c      0x170 ./output_STM32G474RE/dispatcher_stm32g4xx.o
 .debug_frame   0x00000000000002ac       0x48 ./output_STM32G474RE/gpio_stm32g4xx.o
 .debug_frame   0x00000000000002f4       0x58 ./output_STM32G474RE/dio_stm32g4xx.o
 .debug_frame   0x000000000000034c      0x154 ./output_STM32G474RE/tim_stm32g4xx.o
 .debug_frame   0x00000000000004a0       0x50 ./output_STM32G474RE/uart_stm32g4xx.o
 .debug_frame   0x00000000000004f0       0x30 ./output_STM32G474RE/system_stm32g4xx.o
 .debug_frame   0x0000000000000520      0x178 ./output_STM32G474RE/stm32g4xx_hal_cortex.o
 .debug_frame   0x0000000000000698      0x284 ./output_STM32G474RE/stm32g4xx_hal_pwr_ex.o
 .debug_frame   0x000000000000091c      0x1b8 ./output_STM32G474RE/stm32g4xx_hal_rcc.o
 .debug_frame   0x0000000000000ad4      0x1fc ./output_STM32G474RE/stm32g4xx_hal_rcc_ex.o
 .debug_frame   0x0000000000000cd0      0xd0c ./output_STM32G474RE/stm32g4xx_hal_tim.o
 .debug_frame   0x00000000000019dc      0x180 ./output_STM32G474RE/stm32g4xx_hal_uart_ex.o
 .debug_frame   0x0000000000001b5c      0x714 ./output_STM32G474RE/stm32g4xx_hal_uart.o
 .debug_frame   0x0000000000002270      0x28c ./output_STM32G474RE/stm32g4xx_hal.o
 .debug_frame   0x00000000000024fc      0x1a4 ./output_STM32G474RE/stm32g4xx_ll_tim.o
 .debug_frame   0x00000000000026a0       0x58 ./output_STM32G474RE/stm32g4xx_ll_gpio.o
 .debug_frame   0x00000000000026f8       0x58 ./output_STM32G474RE/blinky.o
 .debug_frame   0x0000000000002750      0x25c C:/Capstone/target_support_packages/tsp_stm32/gcc/g4/../pil\libpil.a(pil.o)
 .debug_frame   0x00000000000029ac       0xe8 C:/Capstone/target_support_packages/tsp_stm32/gcc/g4/../pil\libpil.a(probes.o)
 .debug_frame   0x0000000000002a94       0xfc C:/Capstone/target_support_packages/tsp_stm32/gcc/g4/../pil\libpil.a(remoteagent.o)
 .debug_frame   0x0000000000002b90       0xec C:/Capstone/target_support_packages/tsp_stm32/gcc/g4/../pil\libpil.a(scope.o)
 .debug_frame   0x0000000000002c7c      0x11c C:/Capstone/target_support_packages/tsp_stm32/gcc/g4/../pil\libpil.a(seriallink.o)
 .debug_frame   0x0000000000002d98       0x30 C:/Capstone/target_support_packages/tsp_stm32/gcc/g4/../pil\libpil.a(pil_dis_int.o)
 .debug_frame   0x0000000000002dc8       0x60 C:/Capstone/target_support_packages/tsp_stm32/gcc/g4/../pil\libpil.a(basicservices.o)
 .debug_frame   0x0000000000002e28       0x80 C:/Capstone/target_support_packages/tsp_stm32/gcc/g4/../pil\libpil.a(parallelbridge.o)
 .debug_frame   0x0000000000002ea8       0x68 C:/Capstone/target_support_packages/tsp_stm32/gcc/g4/../pil\libpil.a(ringbuf.o)
 .debug_frame   0x0000000000002f10       0xc4 c:/capstone/target_support_packages/tsp_stm32/bin/gcc-arm-none-eabi/bin/../lib/gcc/arm-none-eabi/8.2.1/thumb/v7e-m+fp/softfp\libgcc.a(_arm_cmpdf2.o)
 .debug_frame   0x0000000000002fd4       0x2c c:/capstone/target_support_packages/tsp_stm32/bin/gcc-arm-none-eabi/bin/../lib/gcc/arm-none-eabi/8.2.1/thumb/v7e-m+fp/softfp\libgcc.a(_aeabi_uldivmod.o)
 .debug_frame   0x0000000000003000       0x34 c:/capstone/target_support_packages/tsp_stm32/bin/gcc-arm-none-eabi/bin/../lib/gcc/arm-none-eabi/8.2.1/thumb/v7e-m+fp/softfp\libgcc.a(_udivmoddi4.o)
 .debug_frame   0x0000000000003034       0x2c c:/capstone/target_support_packages/tsp_stm32/bin/gcc-arm-none-eabi/bin/../lib/gcc/arm-none-eabi/8.2.1/../../../../arm-none-eabi/lib/thumb/v7e-m+fp/softfp\libg_nano.a(lib_a-init.o)
 .debug_frame   0x0000000000003060       0x20 c:/capstone/target_support_packages/tsp_stm32/bin/gcc-arm-none-eabi/bin/../lib/gcc/arm-none-eabi/8.2.1/../../../../arm-none-eabi/lib/thumb/v7e-m+fp/softfp\libg_nano.a(lib_a-memset.o)

.debug_info     0x0000000000000000    0x237b8
 .debug_info    0x0000000000000000     0x3218 ./output_STM32G474RE/blinky_hal.o
 .debug_info    0x0000000000003218      0xf3e ./output_STM32G474RE/blinky_main.o
 .debug_info    0x0000000000004156     0x21ac ./output_STM32G474RE/dispatcher_stm32g4xx.o
 .debug_info    0x0000000000006302     0x10fb ./output_STM32G474RE/gpio_stm32g4xx.o
 .debug_info    0x00000000000073fd      0xef0 ./output_STM32G474RE/dio_stm32g4xx.o
 .debug_info    0x00000000000082ed     0x24ea ./output_STM32G474RE/tim_stm32g4xx.o
 .debug_info    0x000000000000a7d7     0x1658 ./output_STM32G474RE/uart_stm32g4xx.o
 .debug_info    0x000000000000be2f      0x76c ./output_STM32G474RE/system_stm32g4xx.o
 .debug_info    0x000000000000c59b     0x12e4 ./output_STM32G474RE/stm32g4xx_hal_cortex.o
 .debug_info    0x000000000000d87f      0xbf4 ./output_STM32G474RE/stm32g4xx_hal_pwr_ex.o
 .debug_info    0x000000000000e473     0x1117 ./output_STM32G474RE/stm32g4xx_hal_rcc.o
 .debug_info    0x000000000000f58a     0x1064 ./output_STM32G474RE/stm32g4xx_hal_rcc_ex.o
 .debug_info    0x00000000000105ee     0x5203 ./output_STM32G474RE/stm32g4xx_hal_tim.o
 .debug_info    0x00000000000157f1      0xfd7 ./output_STM32G474RE/stm32g4xx_hal_uart_ex.o
 .debug_info    0x00000000000167c8     0x2ac4 ./output_STM32G474RE/stm32g4xx_hal_uart.o
 .debug_info    0x000000000001928c      0xe88 ./output_STM32G474RE/stm32g4xx_hal.o
 .debug_info    0x000000000001a114     0x1bce ./output_STM32G474RE/stm32g4xx_ll_tim.o
 .debug_info    0x000000000001bce2      0xea9 ./output_STM32G474RE/stm32g4xx_ll_gpio.o
 .debug_info    0x000000000001cb8b      0xbe0 ./output_STM32G474RE/blinky.o
 .debug_info    0x000000000001d76b       0x22 ./output_STM32G474RE/startup_stm32g474retx.o
 .debug_info    0x000000000001d78d     0x1b81 C:/Capstone/target_support_packages/tsp_stm32/gcc/g4/../pil\libpil.a(pil.o)
 .debug_info    0x000000000001f30e      0x8e2 C:/Capstone/target_support_packages/tsp_stm32/gcc/g4/../pil\libpil.a(probes.o)
 .debug_info    0x000000000001fbf0      0x9be C:/Capstone/target_support_packages/tsp_stm32/gcc/g4/../pil\libpil.a(remoteagent.o)
 .debug_info    0x00000000000205ae      0xa65 C:/Capstone/target_support_packages/tsp_stm32/gcc/g4/../pil\libpil.a(scope.o)
 .debug_info    0x0000000000021013     0x198a C:/Capstone/target_support_packages/tsp_stm32/gcc/g4/../pil\libpil.a(seriallink.o)
 .debug_info    0x000000000002299d       0xe6 C:/Capstone/target_support_packages/tsp_stm32/gcc/g4/../pil\libpil.a(pil_dis_int.o)
 .debug_info    0x0000000000022a83      0x476 C:/Capstone/target_support_packages/tsp_stm32/gcc/g4/../pil\libpil.a(basicservices.o)
 .debug_info    0x0000000000022ef9      0x63a C:/Capstone/target_support_packages/tsp_stm32/gcc/g4/../pil\libpil.a(parallelbridge.o)
 .debug_info    0x0000000000023533      0x285 C:/Capstone/target_support_packages/tsp_stm32/gcc/g4/../pil\libpil.a(ringbuf.o)

.debug_abbrev   0x0000000000000000     0x5327
 .debug_abbrev  0x0000000000000000      0x53b ./output_STM32G474RE/blinky_hal.o
 .debug_abbrev  0x000000000000053b      0x203 ./output_STM32G474RE/blinky_main.o
 .debug_abbrev  0x000000000000073e      0x4ca ./output_STM32G474RE/dispatcher_stm32g4xx.o
 .debug_abbrev  0x0000000000000c08      0x2a8 ./output_STM32G474RE/gpio_stm32g4xx.o
 .debug_abbrev  0x0000000000000eb0      0x2c9 ./output_STM32G474RE/dio_stm32g4xx.o
 .debug_abbrev  0x0000000000001179      0x4cf ./output_STM32G474RE/tim_stm32g4xx.o
 .debug_abbrev  0x0000000000001648      0x2a9 ./output_STM32G474RE/uart_stm32g4xx.o
 .debug_abbrev  0x00000000000018f1      0x168 ./output_STM32G474RE/system_stm32g4xx.o
 .debug_abbrev  0x0000000000001a59      0x395 ./output_STM32G474RE/stm32g4xx_hal_cortex.o
 .debug_abbrev  0x0000000000001dee      0x27b ./output_STM32G474RE/stm32g4xx_hal_pwr_ex.o
 .debug_abbrev  0x0000000000002069      0x31a ./output_STM32G474RE/stm32g4xx_hal_rcc.o
 .debug_abbrev  0x0000000000002383      0x2b8 ./output_STM32G474RE/stm32g4xx_hal_rcc_ex.o
 .debug_abbrev  0x000000000000263b      0x3c6 ./output_STM32G474RE/stm32g4xx_hal_tim.o
 .debug_abbrev  0x0000000000002a01      0x2ee ./output_STM32G474RE/stm32g4xx_hal_uart_ex.o
 .debug_abbrev  0x0000000000002cef      0x3e6 ./output_STM32G474RE/stm32g4xx_hal_uart.o
 .debug_abbrev  0x00000000000030d5      0x2d3 ./output_STM32G474RE/stm32g4xx_hal.o
 .debug_abbrev  0x00000000000033a8      0x30b ./output_STM32G474RE/stm32g4xx_ll_tim.o
 .debug_abbrev  0x00000000000036b3      0x29b ./output_STM32G474RE/stm32g4xx_ll_gpio.o
 .debug_abbrev  0x000000000000394e      0x26d ./output_STM32G474RE/blinky.o
 .debug_abbrev  0x0000000000003bbb       0x12 ./output_STM32G474RE/startup_stm32g474retx.o
 .debug_abbrev  0x0000000000003bcd      0x3b4 C:/Capstone/target_support_packages/tsp_stm32/gcc/g4/../pil\libpil.a(pil.o)
 .debug_abbrev  0x0000000000003f81      0x2b7 C:/Capstone/target_support_packages/tsp_stm32/gcc/g4/../pil\libpil.a(probes.o)
 .debug_abbrev  0x0000000000004238      0x339 C:/Capstone/target_support_packages/tsp_stm32/gcc/g4/../pil\libpil.a(remoteagent.o)
 .debug_abbrev  0x0000000000004571      0x398 C:/Capstone/target_support_packages/tsp_stm32/gcc/g4/../pil\libpil.a(scope.o)
 .debug_abbrev  0x0000000000004909      0x3f1 C:/Capstone/target_support_packages/tsp_stm32/gcc/g4/../pil\libpil.a(seriallink.o)
 .debug_abbrev  0x0000000000004cfa       0x85 C:/Capstone/target_support_packages/tsp_stm32/gcc/g4/../pil\libpil.a(pil_dis_int.o)
 .debug_abbrev  0x0000000000004d7f      0x202 C:/Capstone/target_support_packages/tsp_stm32/gcc/g4/../pil\libpil.a(basicservices.o)
 .debug_abbrev  0x0000000000004f81      0x26f C:/Capstone/target_support_packages/tsp_stm32/gcc/g4/../pil\libpil.a(parallelbridge.o)
 .debug_abbrev  0x00000000000051f0      0x137 C:/Capstone/target_support_packages/tsp_stm32/gcc/g4/../pil\libpil.a(ringbuf.o)

.debug_loc      0x0000000000000000    0x16f3d
 .debug_loc     0x0000000000000000      0x2b7 ./output_STM32G474RE/blinky_hal.o
 .debug_loc     0x00000000000002b7      0x3ed ./output_STM32G474RE/dispatcher_stm32g4xx.o
 .debug_loc     0x00000000000006a4       0xab ./output_STM32G474RE/gpio_stm32g4xx.o
 .debug_loc     0x000000000000074f      0x1cb ./output_STM32G474RE/dio_stm32g4xx.o
 .debug_loc     0x000000000000091a     0x13c3 ./output_STM32G474RE/tim_stm32g4xx.o
 .debug_loc     0x0000000000001cdd      0x136 ./output_STM32G474RE/uart_stm32g4xx.o
 .debug_loc     0x0000000000001e13       0xbd ./output_STM32G474RE/system_stm32g4xx.o
 .debug_loc     0x0000000000001ed0      0x780 ./output_STM32G474RE/stm32g4xx_hal_cortex.o
 .debug_loc     0x0000000000002650      0x96e ./output_STM32G474RE/stm32g4xx_hal_pwr_ex.o
 .debug_loc     0x0000000000002fbe      0x7d8 ./output_STM32G474RE/stm32g4xx_hal_rcc.o
 .debug_loc     0x0000000000003796      0xdf3 ./output_STM32G474RE/stm32g4xx_hal_rcc_ex.o
 .debug_loc     0x0000000000004589     0x7dce ./output_STM32G474RE/stm32g4xx_hal_tim.o
 .debug_loc     0x000000000000c357      0x759 ./output_STM32G474RE/stm32g4xx_hal_uart_ex.o
 .debug_loc     0x000000000000cab0     0x2520 ./output_STM32G474RE/stm32g4xx_hal_uart.o
 .debug_loc     0x000000000000efd0      0x2c9 ./output_STM32G474RE/stm32g4xx_hal.o
 .debug_loc     0x000000000000f299     0x168b ./output_STM32G474RE/stm32g4xx_ll_tim.o
 .debug_loc     0x0000000000010924      0x7e3 ./output_STM32G474RE/stm32g4xx_ll_gpio.o
 .debug_loc     0x0000000000011107       0x3a ./output_STM32G474RE/blinky.o
 .debug_loc     0x0000000000011141      0xce0 C:/Capstone/target_support_packages/tsp_stm32/gcc/g4/../pil\libpil.a(pil.o)
 .debug_loc     0x0000000000011e21     0x149c C:/Capstone/target_support_packages/tsp_stm32/gcc/g4/../pil\libpil.a(probes.o)
 .debug_loc     0x00000000000132bd      0x717 C:/Capstone/target_support_packages/tsp_stm32/gcc/g4/../pil\libpil.a(remoteagent.o)
 .debug_loc     0x00000000000139d4      0xede C:/Capstone/target_support_packages/tsp_stm32/gcc/g4/../pil\libpil.a(scope.o)
 .debug_loc     0x00000000000148b2     0x154c C:/Capstone/target_support_packages/tsp_stm32/gcc/g4/../pil\libpil.a(seriallink.o)
 .debug_loc     0x0000000000015dfe      0xbbc C:/Capstone/target_support_packages/tsp_stm32/gcc/g4/../pil\libpil.a(basicservices.o)
 .debug_loc     0x00000000000169ba      0x465 C:/Capstone/target_support_packages/tsp_stm32/gcc/g4/../pil\libpil.a(parallelbridge.o)
 .debug_loc     0x0000000000016e1f      0x11e C:/Capstone/target_support_packages/tsp_stm32/gcc/g4/../pil\libpil.a(ringbuf.o)

.debug_aranges  0x0000000000000000      0xf60
 .debug_aranges
                0x0000000000000000       0x60 ./output_STM32G474RE/blinky_hal.o
 .debug_aranges
                0x0000000000000060       0x20 ./output_STM32G474RE/blinky_main.o
 .debug_aranges
                0x0000000000000080       0x90 ./output_STM32G474RE/dispatcher_stm32g4xx.o
 .debug_aranges
                0x0000000000000110       0x30 ./output_STM32G474RE/gpio_stm32g4xx.o
 .debug_aranges
                0x0000000000000140       0x30 ./output_STM32G474RE/dio_stm32g4xx.o
 .debug_aranges
                0x0000000000000170       0x80 ./output_STM32G474RE/tim_stm32g4xx.o
 .debug_aranges
                0x00000000000001f0       0x30 ./output_STM32G474RE/uart_stm32g4xx.o
 .debug_aranges
                0x0000000000000220       0x28 ./output_STM32G474RE/system_stm32g4xx.o
 .debug_aranges
                0x0000000000000248       0xa8 ./output_STM32G474RE/stm32g4xx_hal_cortex.o
 .debug_aranges
                0x00000000000002f0      0x128 ./output_STM32G474RE/stm32g4xx_hal_pwr_ex.o
 .debug_aranges
                0x0000000000000418       0x90 ./output_STM32G474RE/stm32g4xx_hal_rcc.o
 .debug_aranges
                0x00000000000004a8       0x98 ./output_STM32G474RE/stm32g4xx_hal_rcc_ex.o
 .debug_aranges
                0x0000000000000540      0x290 ./output_STM32G474RE/stm32g4xx_hal_tim.o
 .debug_aranges
                0x00000000000007d0       0x68 ./output_STM32G474RE/stm32g4xx_hal_uart_ex.o
 .debug_aranges
                0x0000000000000838      0x1d0 ./output_STM32G474RE/stm32g4xx_hal_uart.o
 .debug_aranges
                0x0000000000000a08      0x128 ./output_STM32G474RE/stm32g4xx_hal.o
 .debug_aranges
                0x0000000000000b30       0x80 ./output_STM32G474RE/stm32g4xx_ll_tim.o
 .debug_aranges
                0x0000000000000bb0       0x30 ./output_STM32G474RE/stm32g4xx_ll_gpio.o
 .debug_aranges
                0x0000000000000be0       0x30 ./output_STM32G474RE/blinky.o
 .debug_aranges
                0x0000000000000c10       0x28 ./output_STM32G474RE/startup_stm32g474retx.o
 .debug_aranges
                0x0000000000000c38       0xe0 C:/Capstone/target_support_packages/tsp_stm32/gcc/g4/../pil\libpil.a(pil.o)
 .debug_aranges
                0x0000000000000d18       0x70 C:/Capstone/target_support_packages/tsp_stm32/gcc/g4/../pil\libpil.a(probes.o)
 .debug_aranges
                0x0000000000000d88       0x68 C:/Capstone/target_support_packages/tsp_stm32/gcc/g4/../pil\libpil.a(remoteagent.o)
 .debug_aranges
                0x0000000000000df0       0x50 C:/Capstone/target_support_packages/tsp_stm32/gcc/g4/../pil\libpil.a(scope.o)
 .debug_aranges
                0x0000000000000e40       0x58 C:/Capstone/target_support_packages/tsp_stm32/gcc/g4/../pil\libpil.a(seriallink.o)
 .debug_aranges
                0x0000000000000e98       0x28 C:/Capstone/target_support_packages/tsp_stm32/gcc/g4/../pil\libpil.a(pil_dis_int.o)
 .debug_aranges
                0x0000000000000ec0       0x30 C:/Capstone/target_support_packages/tsp_stm32/gcc/g4/../pil\libpil.a(basicservices.o)
 .debug_aranges
                0x0000000000000ef0       0x38 C:/Capstone/target_support_packages/tsp_stm32/gcc/g4/../pil\libpil.a(parallelbridge.o)
 .debug_aranges
                0x0000000000000f28       0x38 C:/Capstone/target_support_packages/tsp_stm32/gcc/g4/../pil\libpil.a(ringbuf.o)

.debug_ranges   0x0000000000000000     0x22e8
 .debug_ranges  0x0000000000000000      0x158 ./output_STM32G474RE/blinky_hal.o
 .debug_ranges  0x0000000000000158       0x10 ./output_STM32G474RE/blinky_main.o
 .debug_ranges  0x0000000000000168       0xb8 ./output_STM32G474RE/dispatcher_stm32g4xx.o
 .debug_ranges  0x0000000000000220       0x58 ./output_STM32G474RE/gpio_stm32g4xx.o
 .debug_ranges  0x0000000000000278       0x40 ./output_STM32G474RE/dio_stm32g4xx.o
 .debug_ranges  0x00000000000002b8      0x1a0 ./output_STM32G474RE/tim_stm32g4xx.o
 .debug_ranges  0x0000000000000458       0x60 ./output_STM32G474RE/uart_stm32g4xx.o
 .debug_ranges  0x00000000000004b8       0x18 ./output_STM32G474RE/system_stm32g4xx.o
 .debug_ranges  0x00000000000004d0      0x188 ./output_STM32G474RE/stm32g4xx_hal_cortex.o
 .debug_ranges  0x0000000000000658      0x118 ./output_STM32G474RE/stm32g4xx_hal_pwr_ex.o
 .debug_ranges  0x0000000000000770      0x128 ./output_STM32G474RE/stm32g4xx_hal_rcc.o
 .debug_ranges  0x0000000000000898       0xd0 ./output_STM32G474RE/stm32g4xx_hal_rcc_ex.o
 .debug_ranges  0x0000000000000968      0x7d0 ./output_STM32G474RE/stm32g4xx_hal_tim.o
 .debug_ranges  0x0000000000001138       0xf8 ./output_STM32G474RE/stm32g4xx_hal_uart_ex.o
 .debug_ranges  0x0000000000001230      0x448 ./output_STM32G474RE/stm32g4xx_hal_uart.o
 .debug_ranges  0x0000000000001678      0x118 ./output_STM32G474RE/stm32g4xx_hal.o
 .debug_ranges  0x0000000000001790      0x2a0 ./output_STM32G474RE/stm32g4xx_ll_tim.o
 .debug_ranges  0x0000000000001a30      0x170 ./output_STM32G474RE/stm32g4xx_ll_gpio.o
 .debug_ranges  0x0000000000001ba0       0x20 ./output_STM32G474RE/blinky.o
 .debug_ranges  0x0000000000001bc0       0x20 ./output_STM32G474RE/startup_stm32g474retx.o
 .debug_ranges  0x0000000000001be0      0x170 C:/Capstone/target_support_packages/tsp_stm32/gcc/g4/../pil\libpil.a(pil.o)
 .debug_ranges  0x0000000000001d50       0x98 C:/Capstone/target_support_packages/tsp_stm32/gcc/g4/../pil\libpil.a(probes.o)
 .debug_ranges  0x0000000000001de8       0xb0 C:/Capstone/target_support_packages/tsp_stm32/gcc/g4/../pil\libpil.a(remoteagent.o)
 .debug_ranges  0x0000000000001e98       0xe0 C:/Capstone/target_support_packages/tsp_stm32/gcc/g4/../pil\libpil.a(scope.o)
 .debug_ranges  0x0000000000001f78      0x278 C:/Capstone/target_support_packages/tsp_stm32/gcc/g4/../pil\libpil.a(seriallink.o)
 .debug_ranges  0x00000000000021f0       0x18 C:/Capstone/target_support_packages/tsp_stm32/gcc/g4/../pil\libpil.a(pil_dis_int.o)
 .debug_ranges  0x0000000000002208       0x40 C:/Capstone/target_support_packages/tsp_stm32/gcc/g4/../pil\libpil.a(basicservices.o)
 .debug_ranges  0x0000000000002248       0x78 C:/Capstone/target_support_packages/tsp_stm32/gcc/g4/../pil\libpil.a(parallelbridge.o)
 .debug_ranges  0x00000000000022c0       0x28 C:/Capstone/target_support_packages/tsp_stm32/gcc/g4/../pil\libpil.a(ringbuf.o)

.debug_line     0x0000000000000000    0x19f8f
 .debug_line    0x0000000000000000      0xabd ./output_STM32G474RE/blinky_hal.o
 .debug_line    0x0000000000000abd      0x42f ./output_STM32G474RE/blinky_main.o
 .debug_line    0x0000000000000eec      0xb4f ./output_STM32G474RE/dispatcher_stm32g4xx.o
 .debug_line    0x0000000000001a3b      0x4ce ./output_STM32G474RE/gpio_stm32g4xx.o
 .debug_line    0x0000000000001f09      0x542 ./output_STM32G474RE/dio_stm32g4xx.o
 .debug_line    0x000000000000244b     0x109e ./output_STM32G474RE/tim_stm32g4xx.o
 .debug_line    0x00000000000034e9      0x57e ./output_STM32G474RE/uart_stm32g4xx.o
 .debug_line    0x0000000000003a67      0x348 ./output_STM32G474RE/system_stm32g4xx.o
 .debug_line    0x0000000000003daf      0x8a9 ./output_STM32G474RE/stm32g4xx_hal_cortex.o
 .debug_line    0x0000000000004658      0xb36 ./output_STM32G474RE/stm32g4xx_hal_pwr_ex.o
 .debug_line    0x000000000000518e      0xf23 ./output_STM32G474RE/stm32g4xx_hal_rcc.o
 .debug_line    0x00000000000060b1     0x1263 ./output_STM32G474RE/stm32g4xx_hal_rcc_ex.o
 .debug_line    0x0000000000007314     0x5c0d ./output_STM32G474RE/stm32g4xx_hal_tim.o
 .debug_line    0x000000000000cf21      0xaf4 ./output_STM32G474RE/stm32g4xx_hal_uart_ex.o
 .debug_line    0x000000000000da15     0x2f5c ./output_STM32G474RE/stm32g4xx_hal_uart.o
 .debug_line    0x0000000000010971      0x76a ./output_STM32G474RE/stm32g4xx_hal.o
 .debug_line    0x00000000000110db     0x1097 ./output_STM32G474RE/stm32g4xx_ll_tim.o
 .debug_line    0x0000000000012172      0x7a2 ./output_STM32G474RE/stm32g4xx_ll_gpio.o
 .debug_line    0x0000000000012914      0x365 ./output_STM32G474RE/blinky.o
 .debug_line    0x0000000000012c79       0xc3 ./output_STM32G474RE/startup_stm32g474retx.o
 .debug_line    0x0000000000012d3c      0xd50 C:/Capstone/target_support_packages/tsp_stm32/gcc/g4/../pil\libpil.a(pil.o)
 .debug_line    0x0000000000013a8c     0x1318 C:/Capstone/target_support_packages/tsp_stm32/gcc/g4/../pil\libpil.a(probes.o)
 .debug_line    0x0000000000014da4      0xb89 C:/Capstone/target_support_packages/tsp_stm32/gcc/g4/../pil\libpil.a(remoteagent.o)
 .debug_line    0x000000000001592d     0x104a C:/Capstone/target_support_packages/tsp_stm32/gcc/g4/../pil\libpil.a(scope.o)
 .debug_line    0x0000000000016977     0x12d7 C:/Capstone/target_support_packages/tsp_stm32/gcc/g4/../pil\libpil.a(seriallink.o)
 .debug_line    0x0000000000017c4e      0x652 C:/Capstone/target_support_packages/tsp_stm32/gcc/g4/../pil\libpil.a(pil_dis_int.o)
 .debug_line    0x00000000000182a0      0xd4c C:/Capstone/target_support_packages/tsp_stm32/gcc/g4/../pil\libpil.a(basicservices.o)
 .debug_line    0x0000000000018fec      0x8d1 C:/Capstone/target_support_packages/tsp_stm32/gcc/g4/../pil\libpil.a(parallelbridge.o)
 .debug_line    0x00000000000198bd      0x6d2 C:/Capstone/target_support_packages/tsp_stm32/gcc/g4/../pil\libpil.a(ringbuf.o)

.debug_str      0x0000000000000000     0xf78d
 .debug_str     0x0000000000000000     0x22c7 ./output_STM32G474RE/blinky_hal.o
                                       0x251b (size before relaxing)
 .debug_str     0x00000000000022c7       0x3a ./output_STM32G474RE/blinky_main.o
                                        0xb16 (size before relaxing)
 .debug_str     0x0000000000002301      0x444 ./output_STM32G474RE/dispatcher_stm32g4xx.o
                                       0x1b92 (size before relaxing)
 .debug_str     0x0000000000002745       0x94 ./output_STM32G474RE/gpio_stm32g4xx.o
                                        0xadf (size before relaxing)
 .debug_str     0x00000000000027d9       0x74 ./output_STM32G474RE/dio_stm32g4xx.o
                                        0x9ce (size before relaxing)
 .debug_str     0x000000000000284d      0x598 ./output_STM32G474RE/tim_stm32g4xx.o
                                       0x11b3 (size before relaxing)
 .debug_str     0x0000000000002de5       0x7b ./output_STM32G474RE/uart_stm32g4xx.o
                                        0xf99 (size before relaxing)
 .debug_str     0x0000000000002e60       0xcf ./output_STM32G474RE/system_stm32g4xx.o
                                        0x5fb (size before relaxing)
 .debug_str     0x0000000000002f2f      0x493 ./output_STM32G474RE/stm32g4xx_hal_cortex.o
                                        0xf97 (size before relaxing)
 .debug_str     0x00000000000033c2      0x576 ./output_STM32G474RE/stm32g4xx_hal_pwr_ex.o
                                        0xa1f (size before relaxing)
 .debug_str     0x0000000000003938      0x280 ./output_STM32G474RE/stm32g4xx_hal_rcc.o
                                        0xa45 (size before relaxing)
 .debug_str     0x0000000000003bb8      0x398 ./output_STM32G474RE/stm32g4xx_hal_rcc_ex.o
                                        0xcb0 (size before relaxing)
 .debug_str     0x0000000000003f50      0xf74 ./output_STM32G474RE/stm32g4xx_hal_tim.o
                                       0x1a6c (size before relaxing)
 .debug_str     0x0000000000004ec4      0x2f3 ./output_STM32G474RE/stm32g4xx_hal_uart_ex.o
                                        0xc0c (size before relaxing)
 .debug_str     0x00000000000051b7      0x796 ./output_STM32G474RE/stm32g4xx_hal_uart.o
                                       0x1336 (size before relaxing)
 .debug_str     0x000000000000594d      0x3d9 ./output_STM32G474RE/stm32g4xx_hal.o
                                       0x103b (size before relaxing)
 .debug_str     0x0000000000005d26      0x450 ./output_STM32G474RE/stm32g4xx_ll_tim.o
                                        0xc75 (size before relaxing)
 .debug_str     0x0000000000006176      0x154 ./output_STM32G474RE/stm32g4xx_ll_gpio.o
                                        0x728 (size before relaxing)
 .debug_str     0x00000000000062ca       0xdd ./output_STM32G474RE/blinky.o
                                        0x781 (size before relaxing)
 .debug_str     0x00000000000063a7       0x71 ./output_STM32G474RE/startup_stm32g474retx.o
                                         0xa6 (size before relaxing)
 .debug_str     0x0000000000006418     0x85bc C:/Capstone/target_support_packages/tsp_stm32/gcc/g4/../pil\libpil.a(pil.o)
                                       0x8991 (size before relaxing)
 .debug_str     0x000000000000e9d4      0x8d7 C:/Capstone/target_support_packages/tsp_stm32/gcc/g4/../pil\libpil.a(probes.o)
                                       0x8389 (size before relaxing)
 .debug_str     0x000000000000f2ab       0xf7 C:/Capstone/target_support_packages/tsp_stm32/gcc/g4/../pil\libpil.a(remoteagent.o)
                                       0x82ff (size before relaxing)
 .debug_str     0x000000000000f3a2       0xef C:/Capstone/target_support_packages/tsp_stm32/gcc/g4/../pil\libpil.a(scope.o)
                                       0x84e9 (size before relaxing)
 .debug_str     0x000000000000f491      0x157 C:/Capstone/target_support_packages/tsp_stm32/gcc/g4/../pil\libpil.a(seriallink.o)
                                       0x81c7 (size before relaxing)
 .debug_str     0x000000000000f5e8       0x57 C:/Capstone/target_support_packages/tsp_stm32/gcc/g4/../pil\libpil.a(pil_dis_int.o)
                                       0x784e (size before relaxing)
 .debug_str     0x000000000000f63f       0x78 C:/Capstone/target_support_packages/tsp_stm32/gcc/g4/../pil\libpil.a(basicservices.o)
                                       0x81d5 (size before relaxing)
 .debug_str     0x000000000000f6b7       0x89 C:/Capstone/target_support_packages/tsp_stm32/gcc/g4/../pil\libpil.a(parallelbridge.o)
                                       0x7a0d (size before relaxing)
 .debug_str     0x000000000000f740       0x4d C:/Capstone/target_support_packages/tsp_stm32/gcc/g4/../pil\libpil.a(ringbuf.o)
                                       0x762d (size before relaxing)

.comment        0x0000000000000000       0xb8
 .comment       0x0000000000000000       0x68 ./output_STM32G474RE/blinky_hal.o
                                         0x69 (size before relaxing)
 .comment       0x0000000000000068       0x69 ./output_STM32G474RE/blinky_main.o
 .comment       0x0000000000000068       0x69 ./output_STM32G474RE/dispatcher_stm32g4xx.o
 .comment       0x0000000000000068       0x69 ./output_STM32G474RE/gpio_stm32g4xx.o
 .comment       0x0000000000000068       0x69 ./output_STM32G474RE/dio_stm32g4xx.o
 .comment       0x0000000000000068       0x69 ./output_STM32G474RE/tim_stm32g4xx.o
 .comment       0x0000000000000068       0x69 ./output_STM32G474RE/uart_stm32g4xx.o
 .comment       0x0000000000000068       0x69 ./output_STM32G474RE/system_stm32g4xx.o
 .comment       0x0000000000000068       0x69 ./output_STM32G474RE/stm32g4xx_hal_cortex.o
 .comment       0x0000000000000068       0x69 ./output_STM32G474RE/stm32g4xx_hal_pwr_ex.o
 .comment       0x0000000000000068       0x69 ./output_STM32G474RE/stm32g4xx_hal_rcc.o
 .comment       0x0000000000000068       0x69 ./output_STM32G474RE/stm32g4xx_hal_rcc_ex.o
 .comment       0x0000000000000068       0x69 ./output_STM32G474RE/stm32g4xx_hal_tim.o
 .comment       0x0000000000000068       0x69 ./output_STM32G474RE/stm32g4xx_hal_uart_ex.o
 .comment       0x0000000000000068       0x69 ./output_STM32G474RE/stm32g4xx_hal_uart.o
 .comment       0x0000000000000068       0x69 ./output_STM32G474RE/stm32g4xx_hal.o
 .comment       0x0000000000000068       0x69 ./output_STM32G474RE/stm32g4xx_ll_tim.o
 .comment       0x0000000000000068       0x69 ./output_STM32G474RE/stm32g4xx_ll_gpio.o
 .comment       0x0000000000000068       0x69 ./output_STM32G474RE/blinky.o
 .comment       0x0000000000000068       0x50 C:/Capstone/target_support_packages/tsp_stm32/gcc/g4/../pil\libpil.a(pil.o)
                                         0x51 (size before relaxing)
 .comment       0x00000000000000b8       0x51 C:/Capstone/target_support_packages/tsp_stm32/gcc/g4/../pil\libpil.a(probes.o)
 .comment       0x00000000000000b8       0x51 C:/Capstone/target_support_packages/tsp_stm32/gcc/g4/../pil\libpil.a(remoteagent.o)
 .comment       0x00000000000000b8       0x51 C:/Capstone/target_support_packages/tsp_stm32/gcc/g4/../pil\libpil.a(scope.o)
 .comment       0x00000000000000b8       0x51 C:/Capstone/target_support_packages/tsp_stm32/gcc/g4/../pil\libpil.a(seriallink.o)
 .comment       0x00000000000000b8       0x51 C:/Capstone/target_support_packages/tsp_stm32/gcc/g4/../pil\libpil.a(pil_dis_int.o)
 .comment       0x00000000000000b8       0x51 C:/Capstone/target_support_packages/tsp_stm32/gcc/g4/../pil\libpil.a(basicservices.o)
 .comment       0x00000000000000b8       0x51 C:/Capstone/target_support_packages/tsp_stm32/gcc/g4/../pil\libpil.a(parallelbridge.o)
 .comment       0x00000000000000b8       0x51 C:/Capstone/target_support_packages/tsp_stm32/gcc/g4/../pil\libpil.a(ringbuf.o)

.debug_macro    0x0000000000000000     0x2912
 .debug_macro   0x0000000000000000      0x1c6 C:/Capstone/target_support_packages/tsp_stm32/gcc/g4/../pil\libpil.a(pil.o)
 .debug_macro   0x00000000000001c6      0xa8a C:/Capstone/target_support_packages/tsp_stm32/gcc/g4/../pil\libpil.a(pil.o)
 .debug_macro   0x0000000000000c50       0x22 C:/Capstone/target_support_packages/tsp_stm32/gcc/g4/../pil\libpil.a(pil.o)
 .debug_macro   0x0000000000000c72       0x8e C:/Capstone/target_support_packages/tsp_stm32/gcc/g4/../pil\libpil.a(pil.o)
 .debug_macro   0x0000000000000d00       0x51 C:/Capstone/target_support_packages/tsp_stm32/gcc/g4/../pil\libpil.a(pil.o)
 .debug_macro   0x0000000000000d51      0x103 C:/Capstone/target_support_packages/tsp_stm32/gcc/g4/../pil\libpil.a(pil.o)
 .debug_macro   0x0000000000000e54       0x6a C:/Capstone/target_support_packages/tsp_stm32/gcc/g4/../pil\libpil.a(pil.o)
 .debug_macro   0x0000000000000ebe      0x1df C:/Capstone/target_support_packages/tsp_stm32/gcc/g4/../pil\libpil.a(pil.o)
 .debug_macro   0x000000000000109d       0x22 C:/Capstone/target_support_packages/tsp_stm32/gcc/g4/../pil\libpil.a(pil.o)
 .debug_macro   0x00000000000010bf       0x1e C:/Capstone/target_support_packages/tsp_stm32/gcc/g4/../pil\libpil.a(pil.o)
 .debug_macro   0x00000000000010dd       0x52 C:/Capstone/target_support_packages/tsp_stm32/gcc/g4/../pil\libpil.a(pil.o)
 .debug_macro   0x000000000000112f       0x3c C:/Capstone/target_support_packages/tsp_stm32/gcc/g4/../pil\libpil.a(pil.o)
 .debug_macro   0x000000000000116b       0x34 C:/Capstone/target_support_packages/tsp_stm32/gcc/g4/../pil\libpil.a(pil.o)
 .debug_macro   0x000000000000119f       0x16 C:/Capstone/target_support_packages/tsp_stm32/gcc/g4/../pil\libpil.a(pil.o)
 .debug_macro   0x00000000000011b5      0x10e C:/Capstone/target_support_packages/tsp_stm32/gcc/g4/../pil\libpil.a(pil.o)
 .debug_macro   0x00000000000012c3       0x8d C:/Capstone/target_support_packages/tsp_stm32/gcc/g4/../pil\libpil.a(pil.o)
 .debug_macro   0x0000000000001350       0x16 C:/Capstone/target_support_packages/tsp_stm32/gcc/g4/../pil\libpil.a(pil.o)
 .debug_macro   0x0000000000001366       0x43 C:/Capstone/target_support_packages/tsp_stm32/gcc/g4/../pil\libpil.a(pil.o)
 .debug_macro   0x00000000000013a9       0x34 C:/Capstone/target_support_packages/tsp_stm32/gcc/g4/../pil\libpil.a(pil.o)
 .debug_macro   0x00000000000013dd       0x10 C:/Capstone/target_support_packages/tsp_stm32/gcc/g4/../pil\libpil.a(pil.o)
 .debug_macro   0x00000000000013ed       0x58 C:/Capstone/target_support_packages/tsp_stm32/gcc/g4/../pil\libpil.a(pil.o)
 .debug_macro   0x0000000000001445       0x71 C:/Capstone/target_support_packages/tsp_stm32/gcc/g4/../pil\libpil.a(pil.o)
 .debug_macro   0x00000000000014b6       0x1c C:/Capstone/target_support_packages/tsp_stm32/gcc/g4/../pil\libpil.a(pil.o)
 .debug_macro   0x00000000000014d2      0x12a C:/Capstone/target_support_packages/tsp_stm32/gcc/g4/../pil\libpil.a(pil.o)
 .debug_macro   0x00000000000015fc      0x341 C:/Capstone/target_support_packages/tsp_stm32/gcc/g4/../pil\libpil.a(pil.o)
 .debug_macro   0x000000000000193d       0x16 C:/Capstone/target_support_packages/tsp_stm32/gcc/g4/../pil\libpil.a(pil.o)
 .debug_macro   0x0000000000001953       0x29 C:/Capstone/target_support_packages/tsp_stm32/gcc/g4/../pil\libpil.a(pil.o)
 .debug_macro   0x000000000000197c       0x82 C:/Capstone/target_support_packages/tsp_stm32/gcc/g4/../pil\libpil.a(pil.o)
 .debug_macro   0x00000000000019fe       0x3a C:/Capstone/target_support_packages/tsp_stm32/gcc/g4/../pil\libpil.a(pil.o)
 .debug_macro   0x0000000000001a38       0x52 C:/Capstone/target_support_packages/tsp_stm32/gcc/g4/../pil\libpil.a(pil.o)
 .debug_macro   0x0000000000001a8a       0x10 C:/Capstone/target_support_packages/tsp_stm32/gcc/g4/../pil\libpil.a(pil.o)
 .debug_macro   0x0000000000001a9a       0x16 C:/Capstone/target_support_packages/tsp_stm32/gcc/g4/../pil\libpil.a(pil.o)
 .debug_macro   0x0000000000001ab0      0x1ba C:/Capstone/target_support_packages/tsp_stm32/gcc/g4/../pil\libpil.a(probes.o)
 .debug_macro   0x0000000000001c6a      0x15a C:/Capstone/target_support_packages/tsp_stm32/gcc/g4/../pil\libpil.a(probes.o)
 .debug_macro   0x0000000000001dc4      0x1bb C:/Capstone/target_support_packages/tsp_stm32/gcc/g4/../pil\libpil.a(remoteagent.o)
 .debug_macro   0x0000000000001f7f      0x1a0 C:/Capstone/target_support_packages/tsp_stm32/gcc/g4/../pil\libpil.a(scope.o)
 .debug_macro   0x000000000000211f      0x187 C:/Capstone/target_support_packages/tsp_stm32/gcc/g4/../pil\libpil.a(seriallink.o)
 .debug_macro   0x00000000000022a6      0x1c6 C:/Capstone/target_support_packages/tsp_stm32/gcc/g4/../pil\libpil.a(pil_dis_int.o)
 .debug_macro   0x000000000000246c      0x1a5 C:/Capstone/target_support_packages/tsp_stm32/gcc/g4/../pil\libpil.a(basicservices.o)
 .debug_macro   0x0000000000002611       0x10 C:/Capstone/target_support_packages/tsp_stm32/gcc/g4/../pil\libpil.a(basicservices.o)
 .debug_macro   0x0000000000002621      0x18c C:/Capstone/target_support_packages/tsp_stm32/gcc/g4/../pil\libpil.a(parallelbridge.o)
 .debug_macro   0x00000000000027ad      0x165 C:/Capstone/target_support_packages/tsp_stm32/gcc/g4/../pil\libpil.a(ringbuf.o)
