Archive member included to satisfy reference by file (symbol)

C:/Capstone/target_support_packages/tsp_stm32/gcc/g4/../pil\libpil.a(pil.o)
                              ./output_STM32G474RE/dispatcher_stm32g4xx.o (PIL_SCOPE_sample)
C:/Capstone/target_support_packages/tsp_stm32/gcc/g4/../pil\libpil.a(probes.o)
                              C:/Capstone/target_support_packages/tsp_stm32/gcc/g4/../pil\libpil.a(pil.o) (PIL_PROBES_init)
C:/Capstone/target_support_packages/tsp_stm32/gcc/g4/../pil\libpil.a(remoteagent.o)
                              C:/Capstone/target_support_packages/tsp_stm32/gcc/g4/../pil\libpil.a(pil.o) (PIL_RA_init)
C:/Capstone/target_support_packages/tsp_stm32/gcc/g4/../pil\libpil.a(scope.o)
                              C:/Capstone/target_support_packages/tsp_stm32/gcc/g4/../pil\libpil.a(pil.o) (PIL_SCOPE_init)
C:/Capstone/target_support_packages/tsp_stm32/gcc/g4/../pil\libpil.a(seriallink.o)
                              C:/Capstone/target_support_packages/tsp_stm32/gcc/g4/../pil\libpil.a(remoteagent.o) (PIL_SLINK_init)
C:/Capstone/target_support_packages/tsp_stm32/gcc/g4/../pil\libpil.a(pil_dis_int.o)
                              C:/Capstone/target_support_packages/tsp_stm32/gcc/g4/../pil\libpil.a(pil.o) (PIL_DisableInt)
C:/Capstone/target_support_packages/tsp_stm32/gcc/g4/../pil\libpil.a(basicservices.o)
                              C:/Capstone/target_support_packages/tsp_stm32/gcc/g4/../pil\libpil.a(pil.o) (PIL_BSRVS_init)
C:/Capstone/target_support_packages/tsp_stm32/gcc/g4/../pil\libpil.a(parallelbridge.o)
                              C:/Capstone/target_support_packages/tsp_stm32/gcc/g4/../pil\libpil.a(pil.o) (PIL_PBRIDGE_init)
C:/Capstone/target_support_packages/tsp_stm32/gcc/g4/../pil\libpil.a(ringbuf.o)
                              C:/Capstone/target_support_packages/tsp_stm32/gcc/g4/../pil\libpil.a(seriallink.o) (PIL_RBUF_reset)
c:/capstone/target_support_packages/tsp_stm32/bin/gcc-arm-none-eabi/bin/../lib/gcc/arm-none-eabi/8.2.1/thumb/v7e-m+fp/softfp\libgcc.a(_arm_addsubdf3.o)
                              ./output_STM32G474RE/dac_stm32g4xx.o (__aeabi_f2d)
c:/capstone/target_support_packages/tsp_stm32/bin/gcc-arm-none-eabi/bin/../lib/gcc/arm-none-eabi/8.2.1/thumb/v7e-m+fp/softfp\libgcc.a(_arm_muldivdf3.o)
                              ./output_STM32G474RE/dac_stm32g4xx.o (__aeabi_dmul)
c:/capstone/target_support_packages/tsp_stm32/bin/gcc-arm-none-eabi/bin/../lib/gcc/arm-none-eabi/8.2.1/thumb/v7e-m+fp/softfp\libgcc.a(_arm_cmpdf2.o)
                              C:/Capstone/target_support_packages/tsp_stm32/gcc/g4/../pil\libpil.a(scope.o) (__aeabi_dcmpeq)
c:/capstone/target_support_packages/tsp_stm32/bin/gcc-arm-none-eabi/bin/../lib/gcc/arm-none-eabi/8.2.1/thumb/v7e-m+fp/softfp\libgcc.a(_arm_truncdfsf2.o)
                              ./output_STM32G474RE/dac_stm32g4xx.o (__aeabi_d2f)
c:/capstone/target_support_packages/tsp_stm32/bin/gcc-arm-none-eabi/bin/../lib/gcc/arm-none-eabi/8.2.1/thumb/v7e-m+fp/softfp\libgcc.a(_aeabi_ldivmod.o)
                              ./output_STM32G474RE/stm32g4xx_hal_uart.o (__aeabi_ldivmod)
c:/capstone/target_support_packages/tsp_stm32/bin/gcc-arm-none-eabi/bin/../lib/gcc/arm-none-eabi/8.2.1/thumb/v7e-m+fp/softfp\libgcc.a(_aeabi_uldivmod.o)
                              ./output_STM32G474RE/stm32g4xx_hal_uart.o (__aeabi_uldivmod)
c:/capstone/target_support_packages/tsp_stm32/bin/gcc-arm-none-eabi/bin/../lib/gcc/arm-none-eabi/8.2.1/thumb/v7e-m+fp/softfp\libgcc.a(_udivmoddi4.o)
                              c:/capstone/target_support_packages/tsp_stm32/bin/gcc-arm-none-eabi/bin/../lib/gcc/arm-none-eabi/8.2.1/thumb/v7e-m+fp/softfp\libgcc.a(_aeabi_ldivmod.o) (__udivmoddi4)
c:/capstone/target_support_packages/tsp_stm32/bin/gcc-arm-none-eabi/bin/../lib/gcc/arm-none-eabi/8.2.1/thumb/v7e-m+fp/softfp\libgcc.a(_dvmd_tls.o)
                              c:/capstone/target_support_packages/tsp_stm32/bin/gcc-arm-none-eabi/bin/../lib/gcc/arm-none-eabi/8.2.1/thumb/v7e-m+fp/softfp\libgcc.a(_aeabi_ldivmod.o) (__aeabi_ldiv0)
c:/capstone/target_support_packages/tsp_stm32/bin/gcc-arm-none-eabi/bin/../lib/gcc/arm-none-eabi/8.2.1/../../../../arm-none-eabi/lib/thumb/v7e-m+fp/softfp\libg_nano.a(lib_a-errno.o)
                              ./output_STM32G474RE/syscalls.o (__errno)
c:/capstone/target_support_packages/tsp_stm32/bin/gcc-arm-none-eabi/bin/../lib/gcc/arm-none-eabi/8.2.1/../../../../arm-none-eabi/lib/thumb/v7e-m+fp/softfp\libg_nano.a(lib_a-exit.o)
                              c:/capstone/target_support_packages/tsp_stm32/bin/gcc-arm-none-eabi/bin/../lib/gcc/arm-none-eabi/8.2.1/../../../../arm-none-eabi/lib/thumb/v7e-m+fp/softfp/crt0.o (exit)
c:/capstone/target_support_packages/tsp_stm32/bin/gcc-arm-none-eabi/bin/../lib/gcc/arm-none-eabi/8.2.1/../../../../arm-none-eabi/lib/thumb/v7e-m+fp/softfp\libg_nano.a(lib_a-impure.o)
[...]
Memory Configuration

Name             Origin             Length             Attributes
CCMSRAM          0x0000000010000000 0x0000000000008000 xrw
RAM              0x0000000020000200 0x000000000001fe00 xrw
ROM              0x0000000008000000 0x0000000000080000 xr
*default*        0x0000000000000000 0xffffffffffffffff

Linker script and memory map

LOAD c:/capstone/target_support_packages/tsp_stm32/bin/gcc-arm-none-eabi/bin/../lib/gcc/arm-none-eabi/8.2.1/thumb/v7e-m+fp/softfp/crtfastmath.o
LOAD c:/capstone/target_support_packages/tsp_stm32/bin/gcc-arm-none-eabi/bin/../lib/gcc/arm-none-eabi/8.2.1/thumb/v7e-m+fp/softfp/crti.o
LOAD c:/capstone/target_support_packages/tsp_stm32/bin/gcc-arm-none-eabi/bin/../lib/gcc/arm-none-eabi/8.2.1/thumb/v7e-m+fp/softfp/crtbegin.o
LOAD c:/capstone/target_support_packages/tsp_stm32/bin/gcc-arm-none-eabi/bin/../lib/gcc/arm-none-eabi/8.2.1/../../../../arm-none-eabi/lib/thumb/v7e-m+fp/softfp/crt0.o
LOAD ./output_STM32G474RE/blinky_hal.o
LOAD ./output_STM32G474RE/blinky_main.o
LOAD ./output_STM32G474RE/syscalls.o
LOAD ./output_STM32G474RE/dispatcher_stm32g4xx.o
LOAD ./output_STM32G474RE/gpio_stm32g4xx.o
LOAD ./output_STM32G474RE/dio_stm32g4xx.o
LOAD ./output_STM32G474RE/adc_stm32g4xx.o
LOAD ./output_STM32G474RE/tim_stm32g4xx.o
LOAD ./output_STM32G474RE/trig_stm32g4xx.o
LOAD ./output_STM32G474RE/hrtim_stm32g4xx.o
LOAD ./output_STM32G474RE/dac_stm32g4xx.o
LOAD ./output_STM32G474RE/comp_stm32g4xx.o
LOAD ./output_STM32G474RE/opamp_stm32g4xx.o
LOAD ./output_STM32G474RE/hrtim_pcc_stm32g4xx.o
LOAD ./output_STM32G474RE/uart_stm32g4xx.o
LOAD ./output_STM32G474RE/canbus_stm32g4xx.o
LOAD ./output_STM32G474RE/spi_stm32g4xx.o
LOAD ./output_STM32G474RE/ctr_stm32g4xx.o
LOAD ./output_STM32G474RE/power.o
LOAD ./output_STM32G474RE/system_stm32g4xx.o
LOAD ./output_STM32G474RE/stm32g4xx_hal_cortex.o
LOAD ./output_STM32G474RE/stm32g4xx_hal_exti.o
LOAD ./output_STM32G474RE/stm32g4xx_hal_gpio.o
LOAD ./output_STM32G474RE/stm32g4xx_hal_pwr_ex.o
LOAD ./output_STM32G474RE/stm32g4xx_hal_pwr.o
LOAD ./output_STM32G474RE/stm32g4xx_hal_rcc.o
LOAD ./output_STM32G474RE/stm32g4xx_hal_rcc_ex.o
LOAD ./output_STM32G474RE/stm32g4xx_hal_tim_ex.o
LOAD ./output_STM32G474RE/stm32g4xx_hal_tim.o
LOAD ./output_STM32G474RE/stm32g4xx_hal_uart_ex.o
LOAD ./output_STM32G474RE/stm32g4xx_hal_uart.o
LOAD ./output_STM32G474RE/stm32g4xx_hal.o
LOAD ./output_STM32G474RE/stm32g4xx_hal_fdcan.o
LOAD ./output_STM32G474RE/stm32g4xx_ll_tim.o
LOAD ./output_STM32G474RE/stm32g4xx_ll_dac.o
LOAD ./output_STM32G474RE/stm32g4xx_ll_comp.o
LOAD ./output_STM32G474RE/stm32g4xx_ll_opamp.o
LOAD ./output_STM32G474RE/stm32g4xx_ll_adc.o
LOAD ./output_STM32G474RE/stm32g4xx_ll_gpio.o
LOAD ./output_STM32G474RE/stm32g4xx_ll_spi.o
LOAD ./output_STM32G474RE/blinky.o
LOAD ./output_STM32G474RE/startup_stm32g474retx.o
LOAD C:/Capstone/target_support_packages/tsp_stm32/gcc/g4/../pil\libpil.a
START GROUP
LOAD c:/capstone/target_support_packages/tsp_stm32/bin/gcc-arm-none-eabi/bin/../lib/gcc/arm-none-eabi/8.2.1/thumb/v7e-m+fp/softfp\libgcc.a
LOAD c:/capstone/target_support_packages/tsp_stm32/bin/gcc-arm-none-eabi/bin/../lib/gcc/arm-none-eabi/8.2.1/../../../../arm-none-eabi/lib/thumb/v7e-m+fp/softfp\libg_nano.a
LOAD c:/capstone/target_support_packages/tsp_stm32/bin/gcc-arm-none-eabi/bin/../lib/gcc/arm-none-eabi/8.2.1/../../../../arm-none-eabi/lib/thumb/v7e-m+fp/softfp\libc_nano.a
END GROUP
START GROUP
LOAD c:/capstone/target_support_packages/tsp_stm32/bin/gcc-arm-none-eabi/bin/../lib/gcc/arm-none-eabi/8.2.1/thumb/v7e-m+fp/softfp\libgcc.a
LOAD c:/capstone/target_support_packages/tsp_stm32/bin/gcc-arm-none-eabi/bin/../lib/gcc/arm-none-eabi/8.2.1/../../../../arm-none-eabi/lib/thumb/v7e-m+fp/softfp\libc_nano.a
END GROUP
LOAD c:/capstone/target_support_packages/tsp_stm32/bin/gcc-arm-none-eabi/bin/../lib/gcc/arm-none-eabi/8.2.1/thumb/v7e-m+fp/softfp/crtend.o
LOAD c:/capstone/target_support_packages/tsp_stm32/bin/gcc-arm-none-eabi/bin/../lib/gcc/arm-none-eabi/8.2.1/thumb/v7e-m+fp/softfp/crtn.o
                0x0000000020020000                _estack = (ORIGIN (RAM) + LENGTH (RAM))
                0x0000000000000200                _Min_Heap_Size = 0x200
                0x0000000000000400                _Min_Stack_Size = 0x400

.isr_vector     0x0000000008000000      0x1d8
                0x0000000008000000                . = ALIGN (0x4)
 *(.isr_vector)
 .isr_vector    0x0000000008000000      0x1d8 ./output_STM32G474RE/startup_stm32g474retx.o
                0x0000000008000000                g_pfnVectors
                0x00000000080001d8                . = ALIGN (0x4)

.text           0x00000000080001d8     0x260c
                0x00000000080001d8                . = ALIGN (0x4)
 *(.text)
 *(.text*)
 .text.startup.__arm_set_fast_math
                0x00000000080001d8       0x10 c:/capstone/target_support_packages/tsp_stm32/bin/gcc-arm-none-eabi/bin/../lib/gcc/arm-none-eabi/8.2.1/thumb/v7e-m+fp/softfp/crtfastmath.o
 .text.deregister_tm_clones
                0x00000000080001e8       0x1c c:/capstone/target_support_packages/tsp_stm32/bin/gcc-arm-none-eabi/bin/../lib/gcc/arm-none-eabi/8.2.1/thumb/v7e-m+fp/softfp/crtbegin.o
 .text.register_tm_clones
                0x0000000008000204       0x24 c:/capstone/target_support_packages/tsp_stm32/bin/gcc-arm-none-eabi/bin/../lib/gcc/arm-none-eabi/8.2.1/thumb/v7e-m+fp/softfp/crtbegin.o
 .text.__do_global_dtors_aux
                0x0000000008000228       0x28 c:/capstone/target_support_packages/tsp_stm32/bin/gcc-arm-none-eabi/bin/../lib/gcc/arm-none-eabi/8.2.1/thumb/v7e-m+fp/softfp/crtbegin.o
 .text.frame_dummy
                0x0000000008000250       0x24 c:/capstone/target_support_packages/tsp_stm32/bin/gcc-arm-none-eabi/bin/../lib/gcc/arm-none-eabi/8.2.1/thumb/v7e-m+fp/softfp/crtbegin.o
 .text.blinky_syncTimers
                0x0000000008000274       0x10 ./output_STM32G474RE/blinky_hal.o
                0x0000000008000274                blinky_syncTimers
 .text.blinky_background
                0x0000000008000284        0x4 ./output_STM32G474RE/blinky_hal.o
                0x0000000008000284                blinky_background
 .text.blinky_enableTasksInterrupt
                0x0000000008000288       0x18 ./output_STM32G474RE/blinky_hal.o
                0x0000000008000288                blinky_enableTasksInterrupt
 .text.Tasks    0x00000000080002a0       0x14 ./output_STM32G474RE/blinky_hal.o
 .text.PLXHAL_DIO_set
                0x00000000080002b4       0x20 ./output_STM32G474RE/blinky_hal.o
                0x00000000080002b4                PLXHAL_DIO_set
 .text.TIM3_IRQHandler
                0x00000000080002d4       0x1c ./output_STM32G474RE/blinky_hal.o
                0x00000000080002d4                TIM3_IRQHandler
 .text.blinky_initHal
                0x00000000080002f0      0x21c ./output_STM32G474RE/blinky_hal.o
                0x00000000080002f0                blinky_initHal
 .text.startup.main
                0x000000000800050c       0x14 ./output_STM32G474RE/blinky_main.o
                0x000000000800050c                main
 .text.DISPR_sinit
                0x0000000008000520       0x1c ./output_STM32G474RE/dispatcher_stm32g4xx.o
                0x0000000008000520                DISPR_sinit
 .text.DISPR_configure
                0x000000000800053c       0x50 ./output_STM32G474RE/dispatcher_stm32g4xx.o
                0x000000000800053c                DISPR_configure
 .text.DISPR_registerIdleTask
                0x000000000800058c        0xc ./output_STM32G474RE/dispatcher_stm32g4xx.o
                0x000000000800058c                DISPR_registerIdleTask
 .text.DISPR_registerSyncCallback
                0x0000000008000598        0xc ./output_STM32G474RE/dispatcher_stm32g4xx.o
                0x0000000008000598                DISPR_registerSyncCallback
 .text.DISPR_registerEnableInterrupt
                0x00000000080005a4        0xc ./output_STM32G474RE/dispatcher_stm32g4xx.o
                0x00000000080005a4                DISPR_registerEnableInterrupt
 .text.DISPR_setPowerupDelay
                0x00000000080005b0        0xc ./output_STM32G474RE/dispatcher_stm32g4xx.o
                0x00000000080005b0                DISPR_setPowerupDelay
 .text.DISPR_registerTask
                0x00000000080005bc       0x6c ./output_STM32G474RE/dispatcher_stm32g4xx.o
                0x00000000080005bc                DISPR_registerTask
 .text.DISPR_start
                0x0000000008000628      0x104 ./output_STM32G474RE/dispatcher_stm32g4xx.o
                0x0000000008000628                DISPR_start
 .text.DISPR_dispatch
                0x000000000800072c       0x7c ./output_STM32G474RE/dispatcher_stm32g4xx.o
                0x000000000800072c                DISPR_dispatch
 .text.HAL_InitTick
                0x00000000080007a8       0x78 ./output_STM32G474RE/dispatcher_stm32g4xx.o
                0x00000000080007a8                HAL_InitTick
 .text.TIM7_DAC_IRQHandler
                0x0000000008000820       0x20 ./output_STM32G474RE/dispatcher_stm32g4xx.o
                0x0000000008000820                TIM7_DAC_IRQHandler
 .text.PLX_GPIO_sinit
                0x0000000008000840       0x9c ./output_STM32G474RE/gpio_stm32g4xx.o
                0x0000000008000840                PLX_GPIO_sinit
 .text.PLX_GPIO_setGpioConfig
                0x00000000080008dc       0x18 ./output_STM32G474RE/gpio_stm32g4xx.o
                0x00000000080008dc                PLX_GPIO_setGpioConfig
 .text.PLX_GPIO_getBase
                0x00000000080008f4       0x14 ./output_STM32G474RE/gpio_stm32g4xx.o
                0x00000000080008f4                PLX_GPIO_getBase
 .text.PLX_DIO_init
                0x0000000008000908        0x8 ./output_STM32G474RE/dio_stm32g4xx.o
                0x0000000008000908                PLX_DIO_init
 .text.PLX_DIO_configureOut
                0x0000000008000910       0x28 ./output_STM32G474RE/dio_stm32g4xx.o
                0x0000000008000910                PLX_DIO_configureOut
 .text.PLX_TIM_sinit
                0x0000000008000938       0xb0 ./output_STM32G474RE/tim_stm32g4xx.o
                0x0000000008000938                PLX_TIM_sinit
 .text.PLX_TIM_init
                0x00000000080009e8        0x8 ./output_STM32G474RE/tim_stm32g4xx.o
                0x00000000080009e8                PLX_TIM_init
 .text.PLX_TIM_setup
                0x00000000080009f0       0xe8 ./output_STM32G474RE/tim_stm32g4xx.o
                0x00000000080009f0                PLX_TIM_setup
 .text.PLX_TIM_start
                0x0000000008000ad8       0x84 ./output_STM32G474RE/tim_stm32g4xx.o
                0x0000000008000ad8                PLX_TIM_start
 .text.PLX_TIM_processInt
                0x0000000008000b5c       0x1c ./output_STM32G474RE/tim_stm32g4xx.o
                0x0000000008000b5c                PLX_TIM_processInt
 .text.SystemInit
                0x0000000008000b78       0x1c ./output_STM32G474RE/system_stm32g4xx.o
                0x0000000008000b78                SystemInit
 .text.SystemCoreClockUpdate
                0x0000000008000b94       0x84 ./output_STM32G474RE/system_stm32g4xx.o
                0x0000000008000b94                SystemCoreClockUpdate
 .text.HAL_NVIC_SetPriorityGrouping
                0x0000000008000c18       0x24 ./output_STM32G474RE/stm32g4xx_hal_cortex.o
                0x0000000008000c18                HAL_NVIC_SetPriorityGrouping
 .text.HAL_NVIC_SetPriority
                0x0000000008000c3c       0x6c ./output_STM32G474RE/stm32g4xx_hal_cortex.o
                0x0000000008000c3c                HAL_NVIC_SetPriority
 .text.HAL_NVIC_EnableIRQ
                0x0000000008000ca8       0x1c ./output_STM32G474RE/stm32g4xx_hal_cortex.o
                0x0000000008000ca8                HAL_NVIC_EnableIRQ
 .text.HAL_NVIC_GetPendingIRQ
                0x0000000008000cc4       0x24 ./output_STM32G474RE/stm32g4xx_hal_cortex.o
                0x0000000008000cc4                HAL_NVIC_GetPendingIRQ
 .text.HAL_PWREx_ControlVoltageScaling
                0x0000000008000ce8       0xfc ./output_STM32G474RE/stm32g4xx_hal_pwr_ex.o
                0x0000000008000ce8                HAL_PWREx_ControlVoltageScaling
 .text.HAL_RCC_OscConfig
                0x0000000008000de4      0x4a0 ./output_STM32G474RE/stm32g4xx_hal_rcc.o
                0x0000000008000de4                HAL_RCC_OscConfig
 .text.HAL_RCC_GetSysClockFreq
                0x0000000008001284       0x70 ./output_STM32G474RE/stm32g4xx_hal_rcc.o
                0x0000000008001284                HAL_RCC_GetSysClockFreq
 .text.HAL_RCC_ClockConfig
                0x00000000080012f4      0x228 ./output_STM32G474RE/stm32g4xx_hal_rcc.o
                0x00000000080012f4                HAL_RCC_ClockConfig
 .text.HAL_RCC_GetPCLK1Freq
                0x000000000800151c       0x24 ./output_STM32G474RE/stm32g4xx_hal_rcc.o
                0x000000000800151c                HAL_RCC_GetPCLK1Freq
 .text.HAL_RCC_GetPCLK2Freq
                0x0000000008001540       0x24 ./output_STM32G474RE/stm32g4xx_hal_rcc.o
                0x0000000008001540                HAL_RCC_GetPCLK2Freq
 .text.HAL_RCCEx_PeriphCLKConfig
                0x0000000008001564      0x31c ./output_STM32G474RE/stm32g4xx_hal_rcc_ex.o
                0x0000000008001564                HAL_RCCEx_PeriphCLKConfig
 .text.HAL_TIM_Base_MspInit
                0x0000000008001880        0x4 ./output_STM32G474RE/stm32g4xx_hal_tim.o
                0x0000000008001880                HAL_TIM_Base_MspInit
 .text.HAL_TIM_Base_Init
                0x0000000008001884      0x110 ./output_STM32G474RE/stm32g4xx_hal_tim.o
                0x0000000008001884                HAL_TIM_Base_Init
 .text.HAL_TIM_Base_Start_IT
                0x0000000008001994       0x84 ./output_STM32G474RE/stm32g4xx_hal_tim.o
                0x0000000008001994                HAL_TIM_Base_Start_IT
 .text.HAL_MspInit
                0x0000000008001a18        0x4 ./output_STM32G474RE/stm32g4xx_hal.o
                0x0000000008001a18                HAL_MspInit
 .text.HAL_Init
                0x0000000008001a1c       0x28 ./output_STM32G474RE/stm32g4xx_hal.o
                0x0000000008001a1c                HAL_Init
 .text.HAL_IncTick
                0x0000000008001a44       0x18 ./output_STM32G474RE/stm32g4xx_hal.o
                0x0000000008001a44                HAL_IncTick
 .text.HAL_GetTick
                0x0000000008001a5c        0xc ./output_STM32G474RE/stm32g4xx_hal.o
                0x0000000008001a5c                HAL_GetTick
 .text.LL_TIM_Init
                0x0000000008001a68       0xb0 ./output_STM32G474RE/stm32g4xx_ll_tim.o
                0x0000000008001a68                LL_TIM_Init
 .text.LL_GPIO_Init
                0x0000000008001b18      0x150 ./output_STM32G474RE/stm32g4xx_ll_gpio.o
                0x0000000008001b18                LL_GPIO_Init
 .text.blinky_initialize
                0x0000000008001c68       0x14 ./output_STM32G474RE/blinky.o
                0x0000000008001c68                blinky_initialize
 .text.blinky_step
                0x0000000008001c7c       0x38 ./output_STM32G474RE/blinky.o
                0x0000000008001c7c                blinky_step
 .text.Reset_Handler
                0x0000000008001cb4       0x50 ./output_STM32G474RE/startup_stm32g474retx.o
                0x0000000008001cb4                Reset_Handler
 .text.Default_Handler
                0x0000000008001d04        0x2 ./output_STM32G474RE/startup_stm32g474retx.o
                0x0000000008001d04                RTC_Alarm_IRQHandler
                0x0000000008001d04                EXTI2_IRQHandler
                0x0000000008001d04                TIM8_TRG_COM_IRQHandler
                0x0000000008001d04                TIM8_CC_IRQHandler
                0x0000000008001d04                HRTIM1_Master_IRQHandler
                0x0000000008001d04                DebugMon_Handler
                0x0000000008001d04                SPI4_IRQHandler
                0x0000000008001d04                FDCAN3_IT0_IRQHandler
                0x0000000008001d04                TIM1_CC_IRQHandler
                0x0000000008001d04                HardFault_Handler
                0x0000000008001d04                HRTIM1_FLT_IRQHandler
                0x0000000008001d04                HRTIM1_TIMF_IRQHandler
                0x0000000008001d04                USB_HP_IRQHandler
                0x0000000008001d04                CORDIC_IRQHandler
                0x0000000008001d04                SysTick_Handler
                0x0000000008001d04                HRTIM1_TIMD_IRQHandler
                0x0000000008001d04                PendSV_Handler
                0x0000000008001d04                DMA2_Channel8_IRQHandler
                0x0000000008001d04                NMI_Handler
                0x0000000008001d04                EXTI3_IRQHandler
                0x0000000008001d04                I2C3_ER_IRQHandler
                0x0000000008001d04                EXTI0_IRQHandler
                0x0000000008001d04                I2C2_EV_IRQHandler
                0x0000000008001d04                FPU_IRQHandler
                0x0000000008001d04                FDCAN1_IT1_IRQHandler
                0x0000000008001d04                TIM1_UP_TIM16_IRQHandler
                0x0000000008001d04                UsageFault_Handler
                0x0000000008001d04                ADC1_2_IRQHandler
                0x0000000008001d04                HRTIM1_TIME_IRQHandler
                0x0000000008001d04                SPI1_IRQHandler
                0x0000000008001d04                TIM6_DAC_IRQHandler
                0x0000000008001d04                HRTIM1_TIMC_IRQHandler
                0x0000000008001d04                TIM8_UP_IRQHandler
                0x0000000008001d04                DMA2_Channel2_IRQHandler
                0x0000000008001d04                DMA1_Channel4_IRQHandler
                0x0000000008001d04                TIM20_TRG_COM_IRQHandler
                0x0000000008001d04                USART3_IRQHandler
                0x0000000008001d04                DMA1_Channel7_IRQHandler
                0x0000000008001d04                UART5_IRQHandler
                0x0000000008001d04                ADC3_IRQHandler
                0x0000000008001d04                TIM4_IRQHandler
                0x0000000008001d04                DMA2_Channel1_IRQHandler
                0x0000000008001d04                QUADSPI_IRQHandler
                0x0000000008001d04                I2C1_EV_IRQHandler
                0x0000000008001d04                DMA1_Channel6_IRQHandler
                0x0000000008001d04                UART4_IRQHandler
                0x0000000008001d04                DMA2_Channel4_IRQHandler
                0x0000000008001d04                RCC_IRQHandler
                0x0000000008001d04                TIM20_UP_IRQHandler
                0x0000000008001d04                DMA1_Channel1_IRQHandler
                0x0000000008001d04                Default_Handler
                0x0000000008001d04                DMA2_Channel7_IRQHandler
                0x0000000008001d04                RTC_TAMP_LSECSS_IRQHandler
                0x0000000008001d04                FMAC_IRQHandler
                0x0000000008001d04                EXTI15_10_IRQHandler
                0x0000000008001d04                DMA1_Channel8_IRQHandler
                0x0000000008001d04                HRTIM1_TIMA_IRQHandler
                0x0000000008001d04                FDCAN3_IT1_IRQHandler
                0x0000000008001d04                TIM5_IRQHandler
                0x0000000008001d04                UCPD1_IRQHandler
                0x0000000008001d04                I2C3_EV_IRQHandler
                0x0000000008001d04                EXTI9_5_IRQHandler
                0x0000000008001d04                RTC_WKUP_IRQHandler
                0x0000000008001d04                PVD_PVM_IRQHandler
                0x0000000008001d04                SPI2_IRQHandler
                0x0000000008001d04                MemManage_Handler
                0x0000000008001d04                ADC5_IRQHandler
                0x0000000008001d04                SVC_Handler
                0x0000000008001d04                DMA2_Channel5_IRQHandler
                0x0000000008001d04                CRS_IRQHandler
                0x0000000008001d04                DMA1_Channel5_IRQHandler
                0x0000000008001d04                USB_LP_IRQHandler
                0x0000000008001d04                EXTI4_IRQHandler
                0x0000000008001d04                RNG_IRQHandler
                0x0000000008001d04                HRTIM1_TIMB_IRQHandler
                0x0000000008001d04                TIM1_TRG_COM_TIM17_IRQHandler
                0x0000000008001d04                FDCAN2_IT1_IRQHandler
                0x0000000008001d04                DMA1_Channel3_IRQHandler
                0x0000000008001d04                ADC4_IRQHandler
                0x0000000008001d04                WWDG_IRQHandler
                0x0000000008001d04                I2C4_EV_IRQHandler
                0x0000000008001d04                FDCAN2_IT0_IRQHandler
                0x0000000008001d04                LPUART1_IRQHandler
                0x0000000008001d04                DMA2_Channel6_IRQHandler
                0x0000000008001d04                FDCAN1_IT0_IRQHandler
                0x0000000008001d04                TIM2_IRQHandler
                0x0000000008001d04                COMP7_IRQHandler
                0x0000000008001d04                COMP1_2_3_IRQHandler
                0x0000000008001d04                EXTI1_IRQHandler
                0x0000000008001d04                USART2_IRQHandler
                0x0000000008001d04                COMP4_5_6_IRQHandler
                0x0000000008001d04                TIM20_BRK_IRQHandler
                0x0000000008001d04                I2C2_ER_IRQHandler
                0x0000000008001d04                DMA1_Channel2_IRQHandler
                0x0000000008001d04                TIM8_BRK_IRQHandler
                0x0000000008001d04                FLASH_IRQHandler
                0x0000000008001d04                TIM20_CC_IRQHandler
                0x0000000008001d04                BusFault_Handler
                0x0000000008001d04                USART1_IRQHandler
                0x0000000008001d04                SPI3_IRQHandler
                0x0000000008001d04                I2C1_ER_IRQHandler
                0x0000000008001d04                FMC_IRQHandler
                0x0000000008001d04                LPTIM1_IRQHandler
                0x0000000008001d04                DMAMUX_OVR_IRQHandler
                0x0000000008001d04                I2C4_ER_IRQHandler
                0x0000000008001d04                USBWakeUp_IRQHandler
                0x0000000008001d04                SAI1_IRQHandler
                0x0000000008001d04                DMA2_Channel3_IRQHandler
                0x0000000008001d04                TIM1_BRK_TIM15_IRQHandler
 *fill*         0x0000000008001d06        0x2 
 .text.PIL_beginInterruptCall
                0x0000000008001d08       0xc0 C:/Capstone/target_support_packages/tsp_stm32/gcc/g4/../pil\libpil.a(pil.o)
                0x0000000008001d08                PIL_beginInterruptCall
 .text.PIL_backgroundCall
                0x0000000008001dc8       0xb4 C:/Capstone/target_support_packages/tsp_stm32/gcc/g4/../pil\libpil.a(pil.o)
                0x0000000008001dc8                PIL_backgroundCall
 .text.PIL_PROBES_setActualPilMode
                0x0000000008001e7c        0x8 C:/Capstone/target_support_packages/tsp_stm32/gcc/g4/../pil\libpil.a(probes.o)
                0x0000000008001e7c                PIL_PROBES_setActualPilMode
 .text.PIL_PROBES_setActualPilStep
                0x0000000008001e84        0x4 C:/Capstone/target_support_packages/tsp_stm32/gcc/g4/../pil\libpil.a(probes.o)
                0x0000000008001e84                PIL_PROBES_setActualPilStep
 .text.PIL_PROBES_getActualPilMode
                0x0000000008001e88        0x4 C:/Capstone/target_support_packages/tsp_stm32/gcc/g4/../pil\libpil.a(probes.o)
                0x0000000008001e88                PIL_PROBES_getActualPilMode
 .text.PIL_PROBES_getDesiredPilMode
                0x0000000008001e8c        0x4 C:/Capstone/target_support_packages/tsp_stm32/gcc/g4/../pil\libpil.a(probes.o)
                0x0000000008001e8c                PIL_PROBES_getDesiredPilMode
 .text.PIL_PROBES_getPreviousPilMode
                0x0000000008001e90        0x4 C:/Capstone/target_support_packages/tsp_stm32/gcc/g4/../pil\libpil.a(probes.o)
                0x0000000008001e90                PIL_PROBES_getPreviousPilMode
 .text.PIL_PROBES_getActualPilStep
                0x0000000008001e94        0x4 C:/Capstone/target_support_packages/tsp_stm32/gcc/g4/../pil\libpil.a(probes.o)
                0x0000000008001e94                PIL_PROBES_getActualPilStep
 .text.PIL_PROBES_getDesiredPilStep
                0x0000000008001e98        0x4 C:/Capstone/target_support_packages/tsp_stm32/gcc/g4/../pil\libpil.a(probes.o)
                0x0000000008001e98                PIL_PROBES_getDesiredPilStep
 .text.PIL_RA_pollLinkRsp
                0x0000000008001e9c       0x60 C:/Capstone/target_support_packages/tsp_stm32/gcc/g4/../pil\libpil.a(remoteagent.o)
                0x0000000008001e9c                PIL_RA_pollLinkRsp
 .text.PIL_RA_pollLinkReq
                0x0000000008001efc       0x84 C:/Capstone/target_support_packages/tsp_stm32/gcc/g4/../pil\libpil.a(remoteagent.o)
                0x0000000008001efc                PIL_RA_pollLinkReq
 .text.PIL_SLINK_byteIn
                0x0000000008001f80       0x74 C:/Capstone/target_support_packages/tsp_stm32/gcc/g4/../pil\libpil.a(seriallink.o)
 .text.PIL_SLINK_putInt
                0x0000000008001ff4       0xc4 C:/Capstone/target_support_packages/tsp_stm32/gcc/g4/../pil\libpil.a(seriallink.o)
 .text.PIL_SLINK_outBufIsEmpty
                0x00000000080020b8        0x8 C:/Capstone/target_support_packages/tsp_stm32/gcc/g4/../pil\libpil.a(seriallink.o)
                0x00000000080020b8                PIL_SLINK_outBufIsEmpty
 .text.PIL_SLINK_send
                0x00000000080020c0      0x2f4 C:/Capstone/target_support_packages/tsp_stm32/gcc/g4/../pil\libpil.a(seriallink.o)
                0x00000000080020c0                PIL_SLINK_send
 .text.PIL_SLINK_receive
                0x00000000080023b4      0x334 C:/Capstone/target_support_packages/tsp_stm32/gcc/g4/../pil\libpil.a(seriallink.o)
                0x00000000080023b4                PIL_SLINK_receive
 .text.PIL_DisableInt
                0x00000000080026e8        0x8 C:/Capstone/target_support_packages/tsp_stm32/gcc/g4/../pil\libpil.a(pil_dis_int.o)
                0x00000000080026e8                PIL_DisableInt
 .text.PIL_RestoreInt
                0x00000000080026f0        0x4 C:/Capstone/target_support_packages/tsp_stm32/gcc/g4/../pil\libpil.a(pil_dis_int.o)
                0x00000000080026f0                PIL_RestoreInt
 .text.PIL_RBUF_isEmpty
                0x00000000080026f4        0xc C:/Capstone/target_support_packages/tsp_stm32/gcc/g4/../pil\libpil.a(ringbuf.o)
                0x00000000080026f4                PIL_RBUF_isEmpty
 .text.PIL_RBUF_push
                0x0000000008002700       0x40 C:/Capstone/target_support_packages/tsp_stm32/gcc/g4/../pil\libpil.a(ringbuf.o)
                0x0000000008002700                PIL_RBUF_push
 .text.PIL_RBUF_pop
                0x0000000008002740       0x34 C:/Capstone/target_support_packages/tsp_stm32/gcc/g4/../pil\libpil.a(ringbuf.o)
                0x0000000008002740                PIL_RBUF_pop
 .text.__libc_init_array
                0x0000000008002774       0x48 c:/capstone/target_support_packages/tsp_stm32/bin/gcc-arm-none-eabi/bin/../lib/gcc/arm-none-eabi/8.2.1/../../../../arm-none-eabi/lib/thumb/v7e-m+fp/softfp\libg_nano.a(lib_a-init.o)
                0x0000000008002774                __libc_init_array
 .text.memset   0x00000000080027bc       0x10 c:/capstone/target_support_packages/tsp_stm32/bin/gcc-arm-none-eabi/bin/../lib/gcc/arm-none-eabi/8.2.1/../../../../arm-none-eabi/lib/thumb/v7e-m+fp/softfp\libg_nano.a(lib_a-memset.o)
                0x00000000080027bc                memset
 *(.glue_7)
 .glue_7        0x00000000080027cc        0x0 linker stubs
 *(.glue_7t)
 .glue_7t       0x00000000080027cc        0x0 linker stubs
 *(.eh_frame)
 .eh_frame      0x00000000080027cc        0x0 c:/capstone/target_support_packages/tsp_stm32/bin/gcc-arm-none-eabi/bin/../lib/gcc/arm-none-eabi/8.2.1/thumb/v7e-m+fp/softfp/crtbegin.o
 *(.init)
 .init          0x00000000080027cc        0x4 c:/capstone/target_support_packages/tsp_stm32/bin/gcc-arm-none-eabi/bin/../lib/gcc/arm-none-eabi/8.2.1/thumb/v7e-m+fp/softfp/crti.o
                0x00000000080027cc                _init
 .init          0x00000000080027d0        0x8 c:/capstone/target_support_packages/tsp_stm32/bin/gcc-arm-none-eabi/bin/../lib/gcc/arm-none-eabi/8.2.1/thumb/v7e-m+fp/softfp/crtn.o
 *(.fini)
 .fini          0x00000000080027d8        0x4 c:/capstone/target_support_packages/tsp_stm32/bin/gcc-arm-none-eabi/bin/../lib/gcc/arm-none-eabi/8.2.1/thumb/v7e-m+fp/softfp/crti.o
                0x00000000080027d8                _fini
 .fini          0x00000000080027dc        0x8 c:/capstone/target_support_packages/tsp_stm32/bin/gcc-arm-none-eabi/bin/../lib/gcc/arm-none-eabi/8.2.1/thumb/v7e-m+fp/softfp/crtn.o
 *(.rodata.pilv)
                0x00000000080027e4                . = ALIGN (0x4)
                0x00000000080027e4                _etext = .

.vfp11_veneer   0x00000000080027e4        0x0
 .vfp11_veneer  0x00000000080027e4        0x0 linker stubs

.v4_bx          0x00000000080027e4        0x0
 .v4_bx         0x00000000080027e4        0x0 linker stubs

.iplt           0x00000000080027e4        0x0
 .iplt          0x00000000080027e4        0x0 c:/capstone/target_support_packages/tsp_stm32/bin/gcc-arm-none-eabi/bin/../lib/gcc/arm-none-eabi/8.2.1/thumb/v7e-m+fp/softfp/crtfastmath.o

.rodata         0x00000000080027e4       0x54
                0x00000000080027e4                . = ALIGN (0x4)
 *(.rodata)
 .rodata        0x00000000080027e4       0x1c ./output_STM32G474RE/gpio_stm32g4xx.o
 .rodata        0x0000000008002800       0x18 ./output_STM32G474RE/system_stm32g4xx.o
                0x0000000008002800                AHBPrescTable
                0x0000000008002810                APBPrescTable
 *(.rodata*)
 .rodata.PIL_SLINK_crc16Lookup
                0x0000000008002818       0x20 C:/Capstone/target_support_packages/tsp_stm32/gcc/g4/../pil\libpil.a(seriallink.o)
                0x0000000008002818                PIL_SLINK_crc16Lookup
                0x0000000008002838                . = ALIGN (0x4)

.rel.dyn        0x0000000008002838        0x0
 .rel.iplt      0x0000000008002838        0x0 c:/capstone/target_support_packages/tsp_stm32/bin/gcc-arm-none-eabi/bin/../lib/gcc/arm-none-eabi/8.2.1/thumb/v7e-m+fp/softfp/crtfastmath.o

.ARM.extab      0x0000000008002838        0x0
                0x0000000008002838                . = ALIGN (0x4)
 *(.ARM.extab* .gnu.linkonce.armextab.*)
                0x0000000008002838                . = ALIGN (0x4)

.ARM            0x0000000008002838        0x0
                0x0000000008002838                . = ALIGN (0x4)
                0x0000000008002838                __exidx_start = .
 *(.ARM.exidx*)
                0x0000000008002838                __exidx_end = .
                0x0000000008002838                . = ALIGN (0x4)

.preinit_array  0x0000000008002838        0x0
                0x0000000008002838                . = ALIGN (0x4)
                0x0000000008002838                PROVIDE (__preinit_array_start = .)
 *(.preinit_array*)
                0x0000000008002838                PROVIDE (__preinit_array_end = .)
                0x0000000008002838                . = ALIGN (0x4)

.init_array     0x0000000008002838        0x8
                0x0000000008002838                . = ALIGN (0x4)
                0x0000000008002838                PROVIDE (__init_array_start = .)
 *(SORT_BY_NAME(.init_array.*))
 *(.init_array*)
 .init_array    0x0000000008002838        0x4 c:/capstone/target_support_packages/tsp_stm32/bin/gcc-arm-none-eabi/bin/../lib/gcc/arm-none-eabi/8.2.1/thumb/v7e-m+fp/softfp/crtfastmath.o
 .init_array    0x000000000800283c        0x4 c:/capstone/target_support_packages/tsp_stm32/bin/gcc-arm-none-eabi/bin/../lib/gcc/arm-none-eabi/8.2.1/thumb/v7e-m+fp/softfp/crtbegin.o
                0x0000000008002840                PROVIDE (__init_array_end = .)
                0x0000000008002840                . = ALIGN (0x4)

.fini_array     0x0000000008002840        0x4
                0x0000000008002840                . = ALIGN (0x4)
                [!provide]                        PROVIDE (__fini_array_start = .)
 *(SORT_BY_NAME(.fini_array.*))
 *(.fini_array*)
 .fini_array    0x0000000008002840        0x4 c:/capstone/target_support_packages/tsp_stm32/bin/gcc-arm-none-eabi/bin/../lib/gcc/arm-none-eabi/8.2.1/thumb/v7e-m+fp/softfp/crtbegin.o
                [!provide]                        PROVIDE (__fini_array_end = .)
                0x0000000008002844                . = ALIGN (0x4)
                0x0000000008002844                _sidata = LOADADDR (.data)

.data           0x0000000020000200       0x10 load address 0x0000000008002844
                0x0000000020000200                . = ALIGN (0x4)
                0x0000000020000200                _sdata = .
 *(.data)
 .data          0x0000000020000200        0x1 ./output_STM32G474RE/gpio_stm32g4xx.o
 *fill*         0x0000000020000201        0x3 
 .data          0x0000000020000204        0x4 ./output_STM32G474RE/system_stm32g4xx.o
                0x0000000020000204                SystemCoreClock
 .data          0x0000000020000208        0x8 ./output_STM32G474RE/stm32g4xx_hal.o
                0x0000000020000208                uwTickFreq
                0x000000002000020c                uwTickPrio
 *(.data*)
                0x0000000020000210                . = ALIGN (0x4)
                0x0000000020000210                _edata = .

.igot.plt       0x0000000020000210        0x0 load address 0x0000000008002854
 .igot.plt      0x0000000020000210        0x0 c:/capstone/target_support_packages/tsp_stm32/bin/gcc-arm-none-eabi/bin/../lib/gcc/arm-none-eabi/8.2.1/thumb/v7e-m+fp/softfp/crtfastmath.o

.tm_clone_table
                0x0000000020000210        0x0 load address 0x0000000008002854
 .tm_clone_table
                0x0000000020000210        0x0 c:/capstone/target_support_packages/tsp_stm32/bin/gcc-arm-none-eabi/bin/../lib/gcc/arm-none-eabi/8.2.1/thumb/v7e-m+fp/softfp/crtbegin.o
 .tm_clone_table
                0x0000000020000210        0x0 c:/capstone/target_support_packages/tsp_stm32/bin/gcc-arm-none-eabi/bin/../lib/gcc/arm-none-eabi/8.2.1/thumb/v7e-m+fp/softfp/crtend.o
                0x0000000020000210                . = ALIGN (0x4)

.bss            0x0000000020000210      0x86c load address 0x0000000008002854
                0x0000000020000210                _sbss = .
                0x0000000020000210                __bss_start__ = _sbss
 *(.bss)
 .bss           0x0000000020000210        0x8 ./output_STM32G474RE/blinky_hal.o
                0x0000000020000214                PilHandle
 .bss           0x0000000020000218       0x4c ./output_STM32G474RE/dispatcher_stm32g4xx.o
 *(.bss*)
 .bss.completed.8014
                0x0000000020000264        0x1 c:/capstone/target_support_packages/tsp_stm32/bin/gcc-arm-none-eabi/bin/../lib/gcc/arm-none-eabi/8.2.1/thumb/v7e-m+fp/softfp/crtbegin.o
 *fill*         0x0000000020000265        0x3 
 .bss.object.8019
                0x0000000020000268       0x18 c:/capstone/target_support_packages/tsp_stm32/bin/gcc-arm-none-eabi/bin/../lib/gcc/arm-none-eabi/8.2.1/thumb/v7e-m+fp/softfp/crtbegin.o
 *(COMMON)
 COMMON         0x0000000020000280      0x78c ./output_STM32G474RE/blinky_hal.o
                0x0000000020000280                DoutHandles
                0x0000000020000284                TimerHandles
                0x0000000020000288                TimerObj
                0x00000000200002ac                TaskObj
                0x00000000200002c0                PilObj
                0x0000000020000a04                DoutObj
 COMMON         0x0000000020000a0c       0x58 ./output_STM32G474RE/dispatcher_stm32g4xx.o
                0x0000000020000a0c                DisprHandle
                0x0000000020000a10                DisprObj
 COMMON         0x0000000020000a64        0x4 ./output_STM32G474RE/stm32g4xx_hal.o
                0x0000000020000a64                uwTick
 *fill*         0x0000000020000a68        0x8 
 COMMON         0x0000000020000a70        0xc ./output_STM32G474RE/blinky.o
                0x0000000020000a70                blinky_X
                0x0000000020000a74                blinky_B
                0x0000000020000a78                blinky_errorStatus
                0x0000000020000a7c                . = ALIGN (0x4)
                0x0000000020000a7c                _ebss = .
                0x0000000020000a7c                __bss_end__ = _ebss

._user_heap_stack
                0x0000000020000a7c      0x604 load address 0x0000000008002854
                0x0000000020000a80                . = ALIGN (0x8)
 *fill*         0x0000000020000a7c        0x4 
                [!provide]                        PROVIDE (end = .)
                [!provide]                        PROVIDE (_end = .)
                0x0000000020000c80                . = (. + _Min_Heap_Size)
 *fill*         0x0000000020000a80      0x200 
                0x0000000020001080                . = (. + _Min_Stack_Size)
 *fill*         0x0000000020000c80      0x400 
                0x0000000020001080                . = ALIGN (0x8)

/DISCARD/
 libc.a(*)
 libm.a(*)
 libgcc.a(*)

.ARM.attributes
                0x0000000000000000       0x30
 *(.ARM.attributes)
 .ARM.attributes
                0x0000000000000000       0x32 c:/capstone/target_support_packages/tsp_stm32/bin/gcc-arm-none-eabi/bin/../lib/gcc/arm-none-eabi/8.2.1/thumb/v7e-m+fp/softfp/crtfastmath.o
 .ARM.attributes
                0x0000000000000032       0x1e c:/capstone/target_support_packages/tsp_stm32/bin/gcc-arm-none-eabi/bin/../lib/gcc/arm-none-eabi/8.2.1/thumb/v7e-m+fp/softfp/crti.o
 .ARM.attributes
                0x0000000000000050       0x32 c:/capstone/target_support_packages/tsp_stm32/bin/gcc-arm-none-eabi/bin/../lib/gcc/arm-none-eabi/8.2.1/thumb/v7e-m+fp/softfp/crtbegin.o
 .ARM.attributes
                0x0000000000000082       0x2e ./output_STM32G474RE/blinky_hal.o
 .ARM.attributes
                0x00000000000000b0       0x2e ./output_STM32G474RE/blinky_main.o
 .ARM.attributes
                0x00000000000000de       0x2e ./output_STM32G474RE/dispatcher_stm32g4xx.o
 .ARM.attributes
                0x000000000000010c       0x2e ./output_STM32G474RE/gpio_stm32g4xx.o
 .ARM.attributes
                0x000000000000013a       0x2e ./output_STM32G474RE/dio_stm32g4xx.o
 .ARM.attributes
                0x0000000000000168       0x2e ./output_STM32G474RE/tim_stm32g4xx.o
 .ARM.attributes
                0x0000000000000196       0x2e ./output_STM32G474RE/system_stm32g4xx.o
 .ARM.attributes
                0x00000000000001c4       0x2e ./output_STM32G474RE/stm32g4xx_hal_cortex.o
 .ARM.attributes
                0x00000000000001f2       0x2e ./output_STM32G474RE/stm32g4xx_hal_pwr_ex.o
 .ARM.attributes
                0x0000000000000220       0x2e ./output_STM32G474RE/stm32g4xx_hal_rcc.o
 .ARM.attributes
                0x000000000000024e       0x2e ./output_STM32G474RE/stm32g4xx_hal_rcc_ex.o
 .ARM.attributes
                0x000000000000027c       0x2e ./output_STM32G474RE/stm32g4xx_hal_tim.o
 .ARM.attributes
                0x00000000000002aa       0x2e ./output_STM32G474RE/stm32g4xx_hal.o
 .ARM.attributes
                0x00000000000002d8       0x2e ./output_STM32G474RE/stm32g4xx_ll_tim.o
 .ARM.attributes
                0x0000000000000306       0x2e ./output_STM32G474RE/stm32g4xx_ll_gpio.o
 .ARM.attributes
                0x0000000000000334       0x2e ./output_STM32G474RE/blinky.o
 .ARM.attributes
                0x0000000000000362       0x21 ./output_STM32G474RE/startup_stm32g474retx.o
 .ARM.attributes
                0x0000000000000383       0x2e C:/Capstone/target_support_packages/tsp_stm32/gcc/g4/../pil\libpil.a(pil.o)
 .ARM.attributes
                0x00000000000003b1       0x2e C:/Capstone/target_support_packages/tsp_stm32/gcc/g4/../pil\libpil.a(probes.o)
 .ARM.attributes
                0x00000000000003df       0x2e C:/Capstone/target_support_packages/tsp_stm32/gcc/g4/../pil\libpil.a(remoteagent.o)
 .ARM.attributes
                0x000000000000040d       0x2e C:/Capstone/target_support_packages/tsp_stm32/gcc/g4/../pil\libpil.a(seriallink.o)
 .ARM.attributes
                0x000000000000043b       0x2e C:/Capstone/target_support_packages/tsp_stm32/gcc/g4/../pil\libpil.a(pil_dis_int.o)
 .ARM.attributes
                0x0000000000000469       0x2e C:/Capstone/target_support_packages/tsp_stm32/gcc/g4/../pil\libpil.a(ringbuf.o)
 .ARM.attributes
                0x0000000000000497       0x32 c:/capstone/target_support_packages/tsp_stm32/bin/gcc-arm-none-eabi/bin/../lib/gcc/arm-none-eabi/8.2.1/../../../../arm-none-eabi/lib/thumb/v7e-m+fp/softfp\libg_nano.a(lib_a-init.o)
 .ARM.attributes
                0x00000000000004c9       0x32 c:/capstone/target_support_packages/tsp_stm32/bin/gcc-arm-none-eabi/bin/../lib/gcc/arm-none-eabi/8.2.1/../../../../arm-none-eabi/lib/thumb/v7e-m+fp/softfp\libg_nano.a(lib_a-memset.o)
 .ARM.attributes
                0x00000000000004fb       0x30 c:/capstone/target_support_packages/tsp_stm32/bin/gcc-arm-none-eabi/bin/../lib/gcc/arm-none-eabi/8.2.1/thumb/v7e-m+fp/softfp/crtend.o
 .ARM.attributes
                0x000000000000052b       0x1e c:/capstone/target_support_packages/tsp_stm32/bin/gcc-arm-none-eabi/bin/../lib/gcc/arm-none-eabi/8.2.1/thumb/v7e-m+fp/softfp/crtn.o
OUTPUT(./output_STM32G474RE/blinky.elf elf32-littlearm)

.debug_frame    0x0000000000000000     0x248c
 .debug_frame   0x0000000000000000       0x20 c:/capstone/target_support_packages/tsp_stm32/bin/gcc-arm-none-eabi/bin/../lib/gcc/arm-none-eabi/8.2.1/thumb/v7e-m+fp/softfp/crtfastmath.o
 .debug_frame   0x0000000000000020       0xd4 ./output_STM32G474RE/blinky_hal.o
 .debug_frame   0x00000000000000f4       0x28 ./output_STM32G474RE/blinky_main.o
 .debug_frame   0x000000000000011c      0x170 ./output_STM32G474RE/dispatcher_stm32g4xx.o
 .debug_frame   0x000000000000028c       0x48 ./output_STM32G474RE/gpio_stm32g4xx.o
 .debug_frame   0x00000000000002d4       0x58 ./output_STM32G474RE/dio_stm32g4xx.o
 .debug_frame   0x000000000000032c      0x154 ./output_STM32G474RE/tim_stm32g4xx.o
 .debug_frame   0x0000000000000480       0x30 ./output_STM32G474RE/system_stm32g4xx.o
 .debug_frame   0x00000000000004b0      0x178 ./output_STM32G474RE/stm32g4xx_hal_cortex.o
 .debug_frame   0x0000000000000628      0x284 ./output_STM32G474RE/stm32g4xx_hal_pwr_ex.o
 .debug_frame   0x00000000000008ac      0x1b8 ./output_STM32G474RE/stm32g4xx_hal_rcc.o
 .debug_frame   0x0000000000000a64      0x1fc ./output_STM32G474RE/stm32g4xx_hal_rcc_ex.o
 .debug_frame   0x0000000000000c60      0xd0c ./output_STM32G474RE/stm32g4xx_hal_tim.o
 .debug_frame   0x000000000000196c      0x28c ./output_STM32G474RE/stm32g4xx_hal.o
 .debug_frame   0x0000000000001bf8      0x1a4 ./output_STM32G474RE/stm32g4xx_ll_tim.o
 .debug_frame   0x0000000000001d9c       0x58 ./output_STM32G474RE/stm32g4xx_ll_gpio.o
 .debug_frame   0x0000000000001df4       0x58 ./output_STM32G474RE/blinky.o
 .debug_frame   0x0000000000001e4c      0x25c C:/Capstone/target_support_packages/tsp_stm32/gcc/g4/../pil\libpil.a(pil.o)
 .debug_frame   0x00000000000020a8       0xe8 C:/Capstone/target_support_packages/tsp_stm32/gcc/g4/../pil\libpil.a(probes.o)
 .debug_frame   0x0000000000002190       0xfc C:/Capstone/target_support_packages/tsp_stm32/gcc/g4/../pil\libpil.a(remoteagent.o)
 .debug_frame   0x000000000000228c      0x11c C:/Capstone/target_support_packages/tsp_stm32/gcc/g4/../pil\libpil.a(seriallink.o)
 .debug_frame   0x00000000000023a8       0x30 C:/Capstone/target_support_packages/tsp_stm32/gcc/g4/../pil\libpil.a(pil_dis_int.o)
 .debug_frame   0x00000000000023d8       0x68 C:/Capstone/target_support_packages/tsp_stm32/gcc/g4/../pil\libpil.a(ringbuf.o)
 .debug_frame   0x0000000000002440       0x2c c:/capstone/target_support_packages/tsp_stm32/bin/gcc-arm-none-eabi/bin/../lib/gcc/arm-none-eabi/8.2.1/../../../../arm-none-eabi/lib/thumb/v7e-m+fp/softfp\libg_nano.a(lib_a-init.o)
 .debug_frame   0x000000000000246c       0x20 c:/capstone/target_support_packages/tsp_stm32/bin/gcc-arm-none-eabi/bin/../lib/gcc/arm-none-eabi/8.2.1/../../../../arm-none-eabi/lib/thumb/v7e-m+fp/softfp\libg_nano.a(lib_a-memset.o)

.debug_info     0x0000000000000000    0x1c4b3
 .debug_info    0x0000000000000000     0x25d9 ./output_STM32G474RE/blinky_hal.o
 .debug_info    0x00000000000025d9      0xf3e ./output_STM32G474RE/blinky_main.o
 .debug_info    0x0000000000003517     0x21ac ./output_STM32G474RE/dispatcher_stm32g4xx.o
 .debug_info    0x00000000000056c3     0x10fb ./output_STM32G474RE/gpio_stm32g4xx.o
 .debug_info    0x00000000000067be      0xef0 ./output_STM32G474RE/dio_stm32g4xx.o
 .debug_info    0x00000000000076ae     0x24ea ./output_STM32G474RE/tim_stm32g4xx.o
 .debug_info    0x0000000000009b98      0x76c ./output_STM32G474RE/system_stm32g4xx.o
 .debug_info    0x000000000000a304     0x12e4 ./output_STM32G474RE/stm32g4xx_hal_cortex.o
 .debug_info    0x000000000000b5e8      0xbf4 ./output_STM32G474RE/stm32g4xx_hal_pwr_ex.o
 .debug_info    0x000000000000c1dc     0x1117 ./output_STM32G474RE/stm32g4xx_hal_rcc.o
 .debug_info    0x000000000000d2f3     0x1064 ./output_STM32G474RE/stm32g4xx_hal_rcc_ex.o
 .debug_info    0x000000000000e357     0x5203 ./output_STM32G474RE/stm32g4xx_hal_tim.o
 .debug_info    0x000000000001355a      0xe88 ./output_STM32G474RE/stm32g4xx_hal.o
 .debug_info    0x00000000000143e2     0x1bce ./output_STM32G474RE/stm32g4xx_ll_tim.o
 .debug_info    0x0000000000015fb0      0xea9 ./output_STM32G474RE/stm32g4xx_ll_gpio.o
 .debug_info    0x0000000000016e59      0xb22 ./output_STM32G474RE/blinky.o
 .debug_info    0x000000000001797b       0x22 ./output_STM32G474RE/startup_stm32g474retx.o
 .debug_info    0x000000000001799d     0x1b81 C:/Capstone/target_support_packages/tsp_stm32/gcc/g4/../pil\libpil.a(pil.o)
 .debug_info    0x000000000001951e      0x8e2 C:/Capstone/target_support_packages/tsp_stm32/gcc/g4/../pil\libpil.a(probes.o)
 .debug_info    0x0000000000019e00      0x9be C:/Capstone/target_support_packages/tsp_stm32/gcc/g4/../pil\libpil.a(remoteagent.o)
 .debug_info    0x000000000001a7be     0x198a C:/Capstone/target_support_packages/tsp_stm32/gcc/g4/../pil\libpil.a(seriallink.o)
 .debug_info    0x000000000001c148       0xe6 C:/Capstone/target_support_packages/tsp_stm32/gcc/g4/../pil\libpil.a(pil_dis_int.o)
 .debug_info    0x000000000001c22e      0x285 C:/Capstone/target_support_packages/tsp_stm32/gcc/g4/../pil\libpil.a(ringbuf.o)

.debug_abbrev   0x0000000000000000     0x40b7
 .debug_abbrev  0x0000000000000000      0x4a9 ./output_STM32G474RE/blinky_hal.o
 .debug_abbrev  0x00000000000004a9      0x203 ./output_STM32G474RE/blinky_main.o
 .debug_abbrev  0x00000000000006ac      0x4ca ./output_STM32G474RE/dispatcher_stm32g4xx.o
 .debug_abbrev  0x0000000000000b76      0x2a8 ./output_STM32G474RE/gpio_stm32g4xx.o
 .debug_abbrev  0x0000000000000e1e      0x2c9 ./output_STM32G474RE/dio_stm32g4xx.o
 .debug_abbrev  0x00000000000010e7      0x4cf ./output_STM32G474RE/tim_stm32g4xx.o
 .debug_abbrev  0x00000000000015b6      0x168 ./output_STM32G474RE/system_stm32g4xx.o
 .debug_abbrev  0x000000000000171e      0x395 ./output_STM32G474RE/stm32g4xx_hal_cortex.o
 .debug_abbrev  0x0000000000001ab3      0x27b ./output_STM32G474RE/stm32g4xx_hal_pwr_ex.o
 .debug_abbrev  0x0000000000001d2e      0x31a ./output_STM32G474RE/stm32g4xx_hal_rcc.o
 .debug_abbrev  0x0000000000002048      0x2b8 ./output_STM32G474RE/stm32g4xx_hal_rcc_ex.o
 .debug_abbrev  0x0000000000002300      0x3c6 ./output_STM32G474RE/stm32g4xx_hal_tim.o
 .debug_abbrev  0x00000000000026c6      0x2d3 ./output_STM32G474RE/stm32g4xx_hal.o
 .debug_abbrev  0x0000000000002999      0x30b ./output_STM32G474RE/stm32g4xx_ll_tim.o
 .debug_abbrev  0x0000000000002ca4      0x29b ./output_STM32G474RE/stm32g4xx_ll_gpio.o
 .debug_abbrev  0x0000000000002f3f      0x215 ./output_STM32G474RE/blinky.o
 .debug_abbrev  0x0000000000003154       0x12 ./output_STM32G474RE/startup_stm32g474retx.o
 .debug_abbrev  0x0000000000003166      0x3b4 C:/Capstone/target_support_packages/tsp_stm32/gcc/g4/../pil\libpil.a(pil.o)
 .debug_abbrev  0x000000000000351a      0x2b7 C:/Capstone/target_support_packages/tsp_stm32/gcc/g4/../pil\libpil.a(probes.o)
 .debug_abbrev  0x00000000000037d1      0x339 C:/Capstone/target_support_packages/tsp_stm32/gcc/g4/../pil\libpil.a(remoteagent.o)
 .debug_abbrev  0x0000000000003b0a      0x3f1 C:/Capstone/target_support_packages/tsp_stm32/gcc/g4/../pil\libpil.a(seriallink.o)
 .debug_abbrev  0x0000000000003efb       0x85 C:/Capstone/target_support_packages/tsp_stm32/gcc/g4/../pil\libpil.a(pil_dis_int.o)
 .debug_abbrev  0x0000000000003f80      0x137 C:/Capstone/target_support_packages/tsp_stm32/gcc/g4/../pil\libpil.a(ringbuf.o)

.debug_loc      0x0000000000000000    0x12172
 .debug_loc     0x0000000000000000      0x1d4 ./output_STM32G474RE/blinky_hal.o
 .debug_loc     0x00000000000001d4      0x3ed ./output_STM32G474RE/dispatcher_stm32g4xx.o
 .debug_loc     0x00000000000005c1       0xab ./output_STM32G474RE/gpio_stm32g4xx.o
 .debug_loc     0x000000000000066c      0x1cb ./output_STM32G474RE/dio_stm32g4xx.o
 .debug_loc     0x0000000000000837     0x13c3 ./output_STM32G474RE/tim_stm32g4xx.o
 .debug_loc     0x0000000000001bfa       0xbd ./output_STM32G474RE/system_stm32g4xx.o
 .debug_loc     0x0000000000001cb7      0x780 ./output_STM32G474RE/stm32g4xx_hal_cortex.o
 .debug_loc     0x0000000000002437      0x96e ./output_STM32G474RE/stm32g4xx_hal_pwr_ex.o
 .debug_loc     0x0000000000002da5      0x7d8 ./output_STM32G474RE/stm32g4xx_hal_rcc.o
 .debug_loc     0x000000000000357d      0xdf3 ./output_STM32G474RE/stm32g4xx_hal_rcc_ex.o
 .debug_loc     0x0000000000004370     0x7dce ./output_STM32G474RE/stm32g4xx_hal_tim.o
 .debug_loc     0x000000000000c13e      0x2c9 ./output_STM32G474RE/stm32g4xx_hal.o
 .debug_loc     0x000000000000c407     0x168b ./output_STM32G474RE/stm32g4xx_ll_tim.o
 .debug_loc     0x000000000000da92      0x7e3 ./output_STM32G474RE/stm32g4xx_ll_gpio.o
 .debug_loc     0x000000000000e275      0xce0 C:/Capstone/target_support_packages/tsp_stm32/gcc/g4/../pil\libpil.a(pil.o)
 .debug_loc     0x000000000000ef55     0x149c C:/Capstone/target_support_packages/tsp_stm32/gcc/g4/../pil\libpil.a(probes.o)
 .debug_loc     0x00000000000103f1      0x717 C:/Capstone/target_support_packages/tsp_stm32/gcc/g4/../pil\libpil.a(remoteagent.o)
 .debug_loc     0x0000000000010b08     0x154c C:/Capstone/target_support_packages/tsp_stm32/gcc/g4/../pil\libpil.a(seriallink.o)
 .debug_loc     0x0000000000012054      0x11e C:/Capstone/target_support_packages/tsp_stm32/gcc/g4/../pil\libpil.a(ringbuf.o)

.debug_aranges  0x0000000000000000      0xc38
 .debug_aranges
                0x0000000000000000       0x58 ./output_STM32G474RE/blinky_hal.o
 .debug_aranges
                0x0000000000000058       0x20 ./output_STM32G474RE/blinky_main.o
 .debug_aranges
                0x0000000000000078       0x90 ./output_STM32G474RE/dispatcher_stm32g4xx.o
 .debug_aranges
                0x0000000000000108       0x30 ./output_STM32G474RE/gpio_stm32g4xx.o
 .debug_aranges
                0x0000000000000138       0x30 ./output_STM32G474RE/dio_stm32g4xx.o
 .debug_aranges
                0x0000000000000168       0x80 ./output_STM32G474RE/tim_stm32g4xx.o
 .debug_aranges
                0x00000000000001e8       0x28 ./output_STM32G474RE/system_stm32g4xx.o
 .debug_aranges
                0x0000000000000210       0xa8 ./output_STM32G474RE/stm32g4xx_hal_cortex.o
 .debug_aranges
                0x00000000000002b8      0x128 ./output_STM32G474RE/stm32g4xx_hal_pwr_ex.o
 .debug_aranges
                0x00000000000003e0       0x90 ./output_STM32G474RE/stm32g4xx_hal_rcc.o
 .debug_aranges
                0x0000000000000470       0x98 ./output_STM32G474RE/stm32g4xx_hal_rcc_ex.o
 .debug_aranges
                0x0000000000000508      0x290 ./output_STM32G474RE/stm32g4xx_hal_tim.o
 .debug_aranges
                0x0000000000000798      0x128 ./output_STM32G474RE/stm32g4xx_hal.o
 .debug_aranges
                0x00000000000008c0       0x80 ./output_STM32G474RE/stm32g4xx_ll_tim.o
 .debug_aranges
                0x0000000000000940       0x30 ./output_STM32G474RE/stm32g4xx_ll_gpio.o
 .debug_aranges
                0x0000000000000970       0x30 ./output_STM32G474RE/blinky.o
 .debug_aranges
                0x00000000000009a0       0x28 ./output_STM32G474RE/startup_stm32g474retx.o
 .debug_aranges
                0x00000000000009c8       0xe0 C:/Capstone/target_support_packages/tsp_stm32/gcc/g4/../pil\libpil.a(pil.o)
 .debug_aranges
                0x0000000000000aa8       0x70 C:/Capstone/target_support_packages/tsp_stm32/gcc/g4/../pil\libpil.a(probes.o)
 .debug_aranges
                0x0000000000000b18       0x68 C:/Capstone/target_support_packages/tsp_stm32/gcc/g4/../pil\libpil.a(remoteagent.o)
 .debug_aranges
                0x0000000000000b80       0x58 C:/Capstone/target_support_packages/tsp_stm32/gcc/g4/../pil\libpil.a(seriallink.o)
 .debug_aranges
                0x0000000000000bd8       0x28 C:/Capstone/target_support_packages/tsp_stm32/gcc/g4/../pil\libpil.a(pil_dis_int.o)
 .debug_aranges
                0x0000000000000c00       0x38 C:/Capstone/target_support_packages/tsp_stm32/gcc/g4/../pil\libpil.a(ringbuf.o)

.debug_ranges   0x0000000000000000     0x1b60
 .debug_ranges  0x0000000000000000      0x108 ./output_STM32G474RE/blinky_hal.o
 .debug_ranges  0x0000000000000108       0x10 ./output_STM32G474RE/blinky_main.o
 .debug_ranges  0x0000000000000118       0xb8 ./output_STM32G474RE/dispatcher_stm32g4xx.o
 .debug_ranges  0x00000000000001d0       0x58 ./output_STM32G474RE/gpio_stm32g4xx.o
 .debug_ranges  0x0000000000000228       0x40 ./output_STM32G474RE/dio_stm32g4xx.o
 .debug_ranges  0x0000000000000268      0x1a0 ./output_STM32G474RE/tim_stm32g4xx.o
 .debug_ranges  0x0000000000000408       0x18 ./output_STM32G474RE/system_stm32g4xx.o
 .debug_ranges  0x0000000000000420      0x188 ./output_STM32G474RE/stm32g4xx_hal_cortex.o
 .debug_ranges  0x00000000000005a8      0x118 ./output_STM32G474RE/stm32g4xx_hal_pwr_ex.o
 .debug_ranges  0x00000000000006c0      0x128 ./output_STM32G474RE/stm32g4xx_hal_rcc.o
 .debug_ranges  0x00000000000007e8       0xd0 ./output_STM32G474RE/stm32g4xx_hal_rcc_ex.o
 .debug_ranges  0x00000000000008b8      0x7d0 ./output_STM32G474RE/stm32g4xx_hal_tim.o
 .debug_ranges  0x0000000000001088      0x118 ./output_STM32G474RE/stm32g4xx_hal.o
 .debug_ranges  0x00000000000011a0      0x2a0 ./output_STM32G474RE/stm32g4xx_ll_tim.o
 .debug_ranges  0x0000000000001440      0x170 ./output_STM32G474RE/stm32g4xx_ll_gpio.o
 .debug_ranges  0x00000000000015b0       0x20 ./output_STM32G474RE/blinky.o
 .debug_ranges  0x00000000000015d0       0x20 ./output_STM32G474RE/startup_stm32g474retx.o
 .debug_ranges  0x00000000000015f0      0x170 C:/Capstone/target_support_packages/tsp_stm32/gcc/g4/../pil\libpil.a(pil.o)
 .debug_ranges  0x0000000000001760       0x98 C:/Capstone/target_support_packages/tsp_stm32/gcc/g4/../pil\libpil.a(probes.o)
 .debug_ranges  0x00000000000017f8       0xb0 C:/Capstone/target_support_packages/tsp_stm32/gcc/g4/../pil\libpil.a(remoteagent.o)
 .debug_ranges  0x00000000000018a8      0x278 C:/Capstone/target_support_packages/tsp_stm32/gcc/g4/../pil\libpil.a(seriallink.o)
 .debug_ranges  0x0000000000001b20       0x18 C:/Capstone/target_support_packages/tsp_stm32/gcc/g4/../pil\libpil.a(pil_dis_int.o)
 .debug_ranges  0x0000000000001b38       0x28 C:/Capstone/target_support_packages/tsp_stm32/gcc/g4/../pil\libpil.a(ringbuf.o)

.debug_line     0x0000000000000000    0x137a9
 .debug_line    0x0000000000000000      0x946 ./output_STM32G474RE/blinky_hal.o
 .debug_line    0x0000000000000946      0x42f ./output_STM32G474RE/blinky_main.o
 .debug_line    0x0000000000000d75      0xb4f ./output_STM32G474RE/dispatcher_stm32g4xx.o
 .debug_line    0x00000000000018c4      0x4ce ./output_STM32G474RE/gpio_stm32g4xx.o
 .debug_line    0x0000000000001d92      0x542 ./output_STM32G474RE/dio_stm32g4xx.o
 .debug_line    0x00000000000022d4     0x109e ./output_STM32G474RE/tim_stm32g4xx.o
 .debug_line    0x0000000000003372      0x348 ./output_STM32G474RE/system_stm32g4xx.o
 .debug_line    0x00000000000036ba      0x8a9 ./output_STM32G474RE/stm32g4xx_hal_cortex.o
 .debug_line    0x0000000000003f63      0xb36 ./output_STM32G474RE/stm32g4xx_hal_pwr_ex.o
 .debug_line    0x0000000000004a99      0xf23 ./output_STM32G474RE/stm32g4xx_hal_rcc.o
 .debug_line    0x00000000000059bc     0x1263 ./output_STM32G474RE/stm32g4xx_hal_rcc_ex.o
 .debug_line    0x0000000000006c1f     0x5c0d ./output_STM32G474RE/stm32g4xx_hal_tim.o
 .debug_line    0x000000000000c82c      0x76a ./output_STM32G474RE/stm32g4xx_hal.o
 .debug_line    0x000000000000cf96     0x1097 ./output_STM32G474RE/stm32g4xx_ll_tim.o
 .debug_line    0x000000000000e02d      0x7a2 ./output_STM32G474RE/stm32g4xx_ll_gpio.o
 .debug_line    0x000000000000e7cf      0x32b ./output_STM32G474RE/blinky.o
 .debug_line    0x000000000000eafa       0xc3 ./output_STM32G474RE/startup_stm32g474retx.o
 .debug_line    0x000000000000ebbd      0xd50 C:/Capstone/target_support_packages/tsp_stm32/gcc/g4/../pil\libpil.a(pil.o)
 .debug_line    0x000000000000f90d     0x1318 C:/Capstone/target_support_packages/tsp_stm32/gcc/g4/../pil\libpil.a(probes.o)
 .debug_line    0x0000000000010c25      0xb89 C:/Capstone/target_support_packages/tsp_stm32/gcc/g4/../pil\libpil.a(remoteagent.o)
 .debug_line    0x00000000000117ae     0x12d7 C:/Capstone/target_support_packages/tsp_stm32/gcc/g4/../pil\libpil.a(seriallink.o)
 .debug_line    0x0000000000012a85      0x652 C:/Capstone/target_support_packages/tsp_stm32/gcc/g4/../pil\libpil.a(pil_dis_int.o)
 .debug_line    0x00000000000130d7      0x6d2 C:/Capstone/target_support_packages/tsp_stm32/gcc/g4/../pil\libpil.a(ringbuf.o)

.debug_str      0x0000000000000000     0xe616
 .debug_str     0x0000000000000000     0x1b99 ./output_STM32G474RE/blinky_hal.o
                                       0x1d7f (size before relaxing)
 .debug_str     0x0000000000001b99       0x3a ./output_STM32G474RE/blinky_main.o
                                        0xb0f (size before relaxing)
 .debug_str     0x0000000000001bd3      0x6bd ./output_STM32G474RE/dispatcher_stm32g4xx.o
                                       0x1b8b (size before relaxing)
 .debug_str     0x0000000000002290       0x94 ./output_STM32G474RE/gpio_stm32g4xx.o
                                        0xad8 (size before relaxing)
 .debug_str     0x0000000000002324       0x74 ./output_STM32G474RE/dio_stm32g4xx.o
                                        0x9c7 (size before relaxing)
 .debug_str     0x0000000000002398      0x598 ./output_STM32G474RE/tim_stm32g4xx.o
                                       0x11ac (size before relaxing)
 .debug_str     0x0000000000002930       0xcf ./output_STM32G474RE/system_stm32g4xx.o
                                        0x5f4 (size before relaxing)
 .debug_str     0x00000000000029ff      0x493 ./output_STM32G474RE/stm32g4xx_hal_cortex.o
                                        0xf90 (size before relaxing)
 .debug_str     0x0000000000002e92      0x576 ./output_STM32G474RE/stm32g4xx_hal_pwr_ex.o
                                        0xa18 (size before relaxing)
 .debug_str     0x0000000000003408      0x280 ./output_STM32G474RE/stm32g4xx_hal_rcc.o
                                        0xa3e (size before relaxing)
 .debug_str     0x0000000000003688      0x3a0 ./output_STM32G474RE/stm32g4xx_hal_rcc_ex.o
                                        0xca9 (size before relaxing)
 .debug_str     0x0000000000003a28      0xf8b ./output_STM32G474RE/stm32g4xx_hal_tim.o
                                       0x1a65 (size before relaxing)
 .debug_str     0x00000000000049b3      0x3d9 ./output_STM32G474RE/stm32g4xx_hal.o
                                       0x1034 (size before relaxing)
 .debug_str     0x0000000000004d8c      0x450 ./output_STM32G474RE/stm32g4xx_ll_tim.o
                                        0xc6e (size before relaxing)
 .debug_str     0x00000000000051dc      0x154 ./output_STM32G474RE/stm32g4xx_ll_gpio.o
                                        0x721 (size before relaxing)
 .debug_str     0x0000000000005330       0x91 ./output_STM32G474RE/blinky.o
                                        0x734 (size before relaxing)
 .debug_str     0x00000000000053c1       0x71 ./output_STM32G474RE/startup_stm32g474retx.o
                                         0x9f (size before relaxing)
 .debug_str     0x0000000000005432     0x8616 C:/Capstone/target_support_packages/tsp_stm32/gcc/g4/../pil\libpil.a(pil.o)
                                       0x8991 (size before relaxing)
 .debug_str     0x000000000000da48      0x8d7 C:/Capstone/target_support_packages/tsp_stm32/gcc/g4/../pil\libpil.a(probes.o)
                                       0x8389 (size before relaxing)
 .debug_str     0x000000000000e31f       0xf7 C:/Capstone/target_support_packages/tsp_stm32/gcc/g4/../pil\libpil.a(remoteagent.o)
                                       0x82ff (size before relaxing)
 .debug_str     0x000000000000e416      0x15c C:/Capstone/target_support_packages/tsp_stm32/gcc/g4/../pil\libpil.a(seriallink.o)
                                       0x81c7 (size before relaxing)
 .debug_str     0x000000000000e572       0x57 C:/Capstone/target_support_packages/tsp_stm32/gcc/g4/../pil\libpil.a(pil_dis_int.o)
                                       0x784e (size before relaxing)
 .debug_str     0x000000000000e5c9       0x4d C:/Capstone/target_support_packages/tsp_stm32/gcc/g4/../pil\libpil.a(ringbuf.o)
                                       0x762d (size before relaxing)

.comment        0x0000000000000000       0xb8
 .comment       0x0000000000000000       0x68 ./output_STM32G474RE/blinky_hal.o
                                         0x69 (size before relaxing)
 .comment       0x0000000000000068       0x69 ./output_STM32G474RE/blinky_main.o
 .comment       0x0000000000000068       0x69 ./output_STM32G474RE/dispatcher_stm32g4xx.o
 .comment       0x0000000000000068       0x69 ./output_STM32G474RE/gpio_stm32g4xx.o
 .comment       0x0000000000000068       0x69 ./output_STM32G474RE/dio_stm32g4xx.o
 .comment       0x0000000000000068       0x69 ./output_STM32G474RE/tim_stm32g4xx.o
 .comment       0x0000000000000068       0x69 ./output_STM32G474RE/system_stm32g4xx.o
 .comment       0x0000000000000068       0x69 ./output_STM32G474RE/stm32g4xx_hal_cortex.o
 .comment       0x0000000000000068       0x69 ./output_STM32G474RE/stm32g4xx_hal_pwr_ex.o
 .comment       0x0000000000000068       0x69 ./output_STM32G474RE/stm32g4xx_hal_rcc.o
 .comment       0x0000000000000068       0x69 ./output_STM32G474RE/stm32g4xx_hal_rcc_ex.o
 .comment       0x0000000000000068       0x69 ./output_STM32G474RE/stm32g4xx_hal_tim.o
 .comment       0x0000000000000068       0x69 ./output_STM32G474RE/stm32g4xx_hal.o
 .comment       0x0000000000000068       0x69 ./output_STM32G474RE/stm32g4xx_ll_tim.o
 .comment       0x0000000000000068       0x69 ./output_STM32G474RE/stm32g4xx_ll_gpio.o
 .comment       0x0000000000000068       0x69 ./output_STM32G474RE/blinky.o
 .comment       0x0000000000000068       0x50 C:/Capstone/target_support_packages/tsp_stm32/gcc/g4/../pil\libpil.a(pil.o)
                                         0x51 (size before relaxing)
 .comment       0x00000000000000b8       0x51 C:/Capstone/target_support_packages/tsp_stm32/gcc/g4/../pil\libpil.a(probes.o)
 .comment       0x00000000000000b8       0x51 C:/Capstone/target_support_packages/tsp_stm32/gcc/g4/../pil\libpil.a(remoteagent.o)
 .comment       0x00000000000000b8       0x51 C:/Capstone/target_support_packages/tsp_stm32/gcc/g4/../pil\libpil.a(seriallink.o)
 .comment       0x00000000000000b8       0x51 C:/Capstone/target_support_packages/tsp_stm32/gcc/g4/../pil\libpil.a(pil_dis_int.o)
 .comment       0x00000000000000b8       0x51 C:/Capstone/target_support_packages/tsp_stm32/gcc/g4/../pil\libpil.a(ringbuf.o)

.debug_macro    0x0000000000000000     0x2431
 .debug_macro   0x0000000000000000      0x1c6 C:/Capstone/target_support_packages/tsp_stm32/gcc/g4/../pil\libpil.a(pil.o)
 .debug_macro   0x00000000000001c6      0xa8a C:/Capstone/target_support_packages/tsp_stm32/gcc/g4/../pil\libpil.a(pil.o)
 .debug_macro   0x0000000000000c50       0x22 C:/Capstone/target_support_packages/tsp_stm32/gcc/g4/../pil\libpil.a(pil.o)
 .debug_macro   0x0000000000000c72       0x8e C:/Capstone/target_support_packages/tsp_stm32/gcc/g4/../pil\libpil.a(pil.o)
 .debug_macro   0x0000000000000d00       0x51 C:/Capstone/target_support_packages/tsp_stm32/gcc/g4/../pil\libpil.a(pil.o)
 .debug_macro   0x0000000000000d51      0x103 C:/Capstone/target_support_packages/tsp_stm32/gcc/g4/../pil\libpil.a(pil.o)
 .debug_macro   0x0000000000000e54       0x6a C:/Capstone/target_support_packages/tsp_stm32/gcc/g4/../pil\libpil.a(pil.o)
 .debug_macro   0x0000000000000ebe      0x1df C:/Capstone/target_support_packages/tsp_stm32/gcc/g4/../pil\libpil.a(pil.o)
 .debug_macro   0x000000000000109d       0x22 C:/Capstone/target_support_packages/tsp_stm32/gcc/g4/../pil\libpil.a(pil.o)
 .debug_macro   0x00000000000010bf       0x1e C:/Capstone/target_support_packages/tsp_stm32/gcc/g4/../pil\libpil.a(pil.o)
 .debug_macro   0x00000000000010dd       0x52 C:/Capstone/target_support_packages/tsp_stm32/gcc/g4/../pil\libpil.a(pil.o)
 .debug_macro   0x000000000000112f       0x3c C:/Capstone/target_support_packages/tsp_stm32/gcc/g4/../pil\libpil.a(pil.o)
 .debug_macro   0x000000000000116b       0x34 C:/Capstone/target_support_packages/tsp_stm32/gcc/g4/../pil\libpil.a(pil.o)
 .debug_macro   0x000000000000119f       0x16 C:/Capstone/target_support_packages/tsp_stm32/gcc/g4/../pil\libpil.a(pil.o)
 .debug_macro   0x00000000000011b5      0x10e C:/Capstone/target_support_packages/tsp_stm32/gcc/g4/../pil\libpil.a(pil.o)
 .debug_macro   0x00000000000012c3       0x8d C:/Capstone/target_support_packages/tsp_stm32/gcc/g4/../pil\libpil.a(pil.o)
 .debug_macro   0x0000000000001350       0x16 C:/Capstone/target_support_packages/tsp_stm32/gcc/g4/../pil\libpil.a(pil.o)
 .debug_macro   0x0000000000001366       0x43 C:/Capstone/target_support_packages/tsp_stm32/gcc/g4/../pil\libpil.a(pil.o)
 .debug_macro   0x00000000000013a9       0x34 C:/Capstone/target_support_packages/tsp_stm32/gcc/g4/../pil\libpil.a(pil.o)
 .debug_macro   0x00000000000013dd       0x10 C:/Capstone/target_support_packages/tsp_stm32/gcc/g4/../pil\libpil.a(pil.o)
 .debug_macro   0x00000000000013ed       0x58 C:/Capstone/target_support_packages/tsp_stm32/gcc/g4/../pil\libpil.a(pil.o)
 .debug_macro   0x0000000000001445       0x71 C:/Capstone/target_support_packages/tsp_stm32/gcc/g4/../pil\libpil.a(pil.o)
 .debug_macro   0x00000000000014b6       0x1c C:/Capstone/target_support_packages/tsp_stm32/gcc/g4/../pil\libpil.a(pil.o)
 .debug_macro   0x00000000000014d2      0x12a C:/Capstone/target_support_packages/tsp_stm32/gcc/g4/../pil\libpil.a(pil.o)
 .debug_macro   0x00000000000015fc      0x341 C:/Capstone/target_support_packages/tsp_stm32/gcc/g4/../pil\libpil.a(pil.o)
 .debug_macro   0x000000000000193d       0x16 C:/Capstone/target_support_packages/tsp_stm32/gcc/g4/../pil\libpil.a(pil.o)
 .debug_macro   0x0000000000001953       0x29 C:/Capstone/target_support_packages/tsp_stm32/gcc/g4/../pil\libpil.a(pil.o)
 .debug_macro   0x000000000000197c       0x82 C:/Capstone/target_support_packages/tsp_stm32/gcc/g4/../pil\libpil.a(pil.o)
 .debug_macro   0x00000000000019fe       0x3a C:/Capstone/target_support_packages/tsp_stm32/gcc/g4/../pil\libpil.a(pil.o)
 .debug_macro   0x0000000000001a38       0x52 C:/Capstone/target_support_packages/tsp_stm32/gcc/g4/../pil\libpil.a(pil.o)
 .debug_macro   0x0000000000001a8a       0x10 C:/Capstone/target_support_packages/tsp_stm32/gcc/g4/../pil\libpil.a(pil.o)
 .debug_macro   0x0000000000001a9a       0x16 C:/Capstone/target_support_packages/tsp_stm32/gcc/g4/../pil\libpil.a(pil.o)
 .debug_macro   0x0000000000001ab0      0x1ba C:/Capstone/target_support_packages/tsp_stm32/gcc/g4/../pil\libpil.a(probes.o)
 .debug_macro   0x0000000000001c6a      0x15a C:/Capstone/target_support_packages/tsp_stm32/gcc/g4/../pil\libpil.a(probes.o)
 .debug_macro   0x0000000000001dc4      0x1bb C:/Capstone/target_support_packages/tsp_stm32/gcc/g4/../pil\libpil.a(remoteagent.o)
 .debug_macro   0x0000000000001f7f      0x187 C:/Capstone/target_support_packages/tsp_stm32/gcc/g4/../pil\libpil.a(seriallink.o)
 .debug_macro   0x0000000000002106      0x1c6 C:/Capstone/target_support_packages/tsp_stm32/gcc/g4/../pil\libpil.a(pil_dis_int.o)
 .debug_macro   0x00000000000022cc      0x165 C:/Capstone/target_support_packages/tsp_stm32/gcc/g4/../pil\libpil.a(ringbuf.o)
